Archive member included to satisfy reference by file (symbol)

c:/program files (x86)/atmel/studio/7.0/toolchain/arm/arm-gnu-toolchain/bin/../lib/gcc/arm-none-eabi/6.3.1/thumb/v7e-m\libgcc.a(_aeabi_uldivmod.o)
                              src/camera.o (__aeabi_uldivmod)
c:/program files (x86)/atmel/studio/7.0/toolchain/arm/arm-gnu-toolchain/bin/../lib/gcc/arm-none-eabi/6.3.1/thumb/v7e-m\libgcc.a(_udivmoddi4.o)
                              c:/program files (x86)/atmel/studio/7.0/toolchain/arm/arm-gnu-toolchain/bin/../lib/gcc/arm-none-eabi/6.3.1/thumb/v7e-m\libgcc.a(_aeabi_uldivmod.o) (__udivmoddi4)
c:/program files (x86)/atmel/studio/7.0/toolchain/arm/arm-gnu-toolchain/bin/../lib/gcc/arm-none-eabi/6.3.1/thumb/v7e-m\libgcc.a(_dvmd_tls.o)
                              c:/program files (x86)/atmel/studio/7.0/toolchain/arm/arm-gnu-toolchain/bin/../lib/gcc/arm-none-eabi/6.3.1/thumb/v7e-m\libgcc.a(_aeabi_uldivmod.o) (__aeabi_ldiv0)
c:/program files (x86)/atmel/studio/7.0/toolchain/arm/arm-gnu-toolchain/bin/../lib/gcc/arm-none-eabi/6.3.1/../../../../arm-none-eabi/lib/thumb/v7e-m\libc.a(lib_a-exit.o)
                              c:/program files (x86)/atmel/studio/7.0/toolchain/arm/arm-gnu-toolchain/bin/../lib/gcc/arm-none-eabi/6.3.1/../../../../arm-none-eabi/lib/thumb/v7e-m/crt0.o (exit)
c:/program files (x86)/atmel/studio/7.0/toolchain/arm/arm-gnu-toolchain/bin/../lib/gcc/arm-none-eabi/6.3.1/../../../../arm-none-eabi/lib/thumb/v7e-m\libc.a(lib_a-impure.o)
                              c:/program files (x86)/atmel/studio/7.0/toolchain/arm/arm-gnu-toolchain/bin/../lib/gcc/arm-none-eabi/6.3.1/../../../../arm-none-eabi/lib/thumb/v7e-m\libc.a(lib_a-exit.o) (_global_impure_ptr)
c:/program files (x86)/atmel/studio/7.0/toolchain/arm/arm-gnu-toolchain/bin/../lib/gcc/arm-none-eabi/6.3.1/../../../../arm-none-eabi/lib/thumb/v7e-m\libc.a(lib_a-init.o)
                              c:/program files (x86)/atmel/studio/7.0/toolchain/arm/arm-gnu-toolchain/bin/../lib/gcc/arm-none-eabi/6.3.1/../../../../arm-none-eabi/lib/thumb/v7e-m/crt0.o (__libc_init_array)
c:/program files (x86)/atmel/studio/7.0/toolchain/arm/arm-gnu-toolchain/bin/../lib/gcc/arm-none-eabi/6.3.1/../../../../arm-none-eabi/lib/thumb/v7e-m\libc.a(lib_a-memset.o)
                              c:/program files (x86)/atmel/studio/7.0/toolchain/arm/arm-gnu-toolchain/bin/../lib/gcc/arm-none-eabi/6.3.1/../../../../arm-none-eabi/lib/thumb/v7e-m/crt0.o (memset)
c:/program files (x86)/atmel/studio/7.0/toolchain/arm/arm-gnu-toolchain/bin/../lib/gcc/arm-none-eabi/6.3.1/../../../../arm-none-eabi/lib/thumb/v7e-m\libc.a(lib_a-sprintf.o)
                              src/wifi.o (sprintf)
c:/program files (x86)/atmel/studio/7.0/toolchain/arm/arm-gnu-toolchain/bin/../lib/gcc/arm-none-eabi/6.3.1/../../../../arm-none-eabi/lib/thumb/v7e-m\libc.a(lib_a-strchr.o)
                              src/wifi.o (strchr)
c:/program files (x86)/atmel/studio/7.0/toolchain/arm/arm-gnu-toolchain/bin/../lib/gcc/arm-none-eabi/6.3.1/../../../../arm-none-eabi/lib/thumb/v7e-m\libc.a(lib_a-strstr.o)
                              src/wifi.o (strstr)
c:/program files (x86)/atmel/studio/7.0/toolchain/arm/arm-gnu-toolchain/bin/../lib/gcc/arm-none-eabi/6.3.1/../../../../arm-none-eabi/lib/thumb/v7e-m\libc.a(lib_a-svfprintf.o)
                              c:/program files (x86)/atmel/studio/7.0/toolchain/arm/arm-gnu-toolchain/bin/../lib/gcc/arm-none-eabi/6.3.1/../../../../arm-none-eabi/lib/thumb/v7e-m\libc.a(lib_a-sprintf.o) (_svfprintf_r)
c:/program files (x86)/atmel/studio/7.0/toolchain/arm/arm-gnu-toolchain/bin/../lib/gcc/arm-none-eabi/6.3.1/../../../../arm-none-eabi/lib/thumb/v7e-m\libc.a(lib_a-__call_atexit.o)
                              c:/program files (x86)/atmel/studio/7.0/toolchain/arm/arm-gnu-toolchain/bin/../lib/gcc/arm-none-eabi/6.3.1/../../../../arm-none-eabi/lib/thumb/v7e-m\libc.a(lib_a-exit.o) (__call_exitprocs)
c:/program files (x86)/atmel/studio/7.0/toolchain/arm/arm-gnu-toolchain/bin/../lib/gcc/arm-none-eabi/6.3.1/../../../../arm-none-eabi/lib/thumb/v7e-m\libc.a(lib_a-atexit.o)
                              c:/program files (x86)/atmel/studio/7.0/toolchain/arm/arm-gnu-toolchain/bin/../lib/gcc/arm-none-eabi/6.3.1/../../../../arm-none-eabi/lib/thumb/v7e-m\libc.a(lib_a-__call_atexit.o) (atexit)
c:/program files (x86)/atmel/studio/7.0/toolchain/arm/arm-gnu-toolchain/bin/../lib/gcc/arm-none-eabi/6.3.1/../../../../arm-none-eabi/lib/thumb/v7e-m\libc.a(lib_a-dtoa.o)
                              c:/program files (x86)/atmel/studio/7.0/toolchain/arm/arm-gnu-toolchain/bin/../lib/gcc/arm-none-eabi/6.3.1/../../../../arm-none-eabi/lib/thumb/v7e-m\libc.a(lib_a-svfprintf.o) (_dtoa_r)
c:/program files (x86)/atmel/studio/7.0/toolchain/arm/arm-gnu-toolchain/bin/../lib/gcc/arm-none-eabi/6.3.1/../../../../arm-none-eabi/lib/thumb/v7e-m\libc.a(lib_a-fini.o)
[...]
Memory Configuration

Name             Origin             Length             Attributes
rom              0x00400000         0x00080000         xr
ram              0x20000000         0x00020000         xrw
*default*        0x00000000         0xffffffff

Linker script and memory map

LOAD c:/program files (x86)/atmel/studio/7.0/toolchain/arm/arm-gnu-toolchain/bin/../lib/gcc/arm-none-eabi/6.3.1/thumb/v7e-m/crti.o
LOAD c:/program files (x86)/atmel/studio/7.0/toolchain/arm/arm-gnu-toolchain/bin/../lib/gcc/arm-none-eabi/6.3.1/thumb/v7e-m/crtbegin.o
LOAD c:/program files (x86)/atmel/studio/7.0/toolchain/arm/arm-gnu-toolchain/bin/../lib/gcc/arm-none-eabi/6.3.1/../../../../arm-none-eabi/lib/thumb/v7e-m/crt0.o
LOAD src/ASF/common/services/clock/sam4s/sysclk.o
LOAD src/ASF/common/services/delay/sam/cycle_counter.o
LOAD src/ASF/common/services/serial/usart_serial.o
LOAD src/ASF/common/utils/stdio/read.o
LOAD src/ASF/common/utils/stdio/write.o
LOAD src/ASF/sam/drivers/pdc/pdc.o
LOAD src/ASF/sam/drivers/pio/pio.o
LOAD src/ASF/sam/drivers/pio/pio_handler.o
LOAD src/ASF/sam/drivers/pmc/pmc.o
LOAD src/ASF/sam/drivers/pmc/sleep.o
LOAD src/ASF/sam/drivers/tc/tc.o
LOAD src/ASF/sam/drivers/twi/twi.o
LOAD src/ASF/sam/drivers/uart/uart.o
LOAD src/ASF/sam/drivers/usart/usart.o
LOAD src/ASF/sam/drivers/wdt/wdt.o
LOAD src/camera.o
LOAD src/ov2640.o
LOAD src/ov2640_table_registers.o
LOAD src/timer_interface.o
LOAD src/wifi.o
LOAD src/ASF/common/boards/user_board/init.o
LOAD src/ASF/common/utils/interrupt/interrupt_sam_nvic.o
LOAD src/ASF/sam/utils/cmsis/sam4s/source/templates/gcc/startup_sam4s.o
LOAD src/ASF/sam/utils/cmsis/sam4s/source/templates/system_sam4s.o
LOAD src/ASF/sam/utils/syscalls/gcc/syscalls.o
LOAD src/main.o
START GROUP
LOAD ../src/ASF/thirdparty/CMSIS/Lib/GCC\libarm_cortexM4l_math.a
LOAD c:/program files (x86)/atmel/studio/7.0/toolchain/arm/arm-gnu-toolchain/bin/../lib/gcc/arm-none-eabi/6.3.1/../../../../arm-none-eabi/lib/thumb/v7e-m\libm.a
END GROUP
START GROUP
LOAD c:/program files (x86)/atmel/studio/7.0/toolchain/arm/arm-gnu-toolchain/bin/../lib/gcc/arm-none-eabi/6.3.1/thumb/v7e-m\libgcc.a
LOAD c:/program files (x86)/atmel/studio/7.0/toolchain/arm/arm-gnu-toolchain/bin/../lib/gcc/arm-none-eabi/6.3.1/../../../../arm-none-eabi/lib/thumb/v7e-m\libc.a
END GROUP
LOAD c:/program files (x86)/atmel/studio/7.0/toolchain/arm/arm-gnu-toolchain/bin/../lib/gcc/arm-none-eabi/6.3.1/thumb/v7e-m/crtend.o
LOAD c:/program files (x86)/atmel/studio/7.0/toolchain/arm/arm-gnu-toolchain/bin/../lib/gcc/arm-none-eabi/6.3.1/thumb/v7e-m/crtn.o
                0x00003000                __stack_size__ = DEFINED (__stack_size__)?__stack_size__:0x3000
                0x2001fffc                __ram_end__ = ((ORIGIN (ram) + LENGTH (ram)) - 0x4)

.text           0x00400000     0x91c4
                0x00400000                . = ALIGN (0x4)
                0x00400000                _sfixed = .
 *(.vectors .vectors.*)
 .vectors       0x00400000       0xcc src/ASF/sam/utils/cmsis/sam4s/source/templates/gcc/startup_sam4s.o
                0x00400000                exception_table
 *(.text .text.* .gnu.linkonce.t.*)
 .text          0x004000cc       0x6c c:/program files (x86)/atmel/studio/7.0/toolchain/arm/arm-gnu-toolchain/bin/../lib/gcc/arm-none-eabi/6.3.1/thumb/v7e-m/crtbegin.o
 .text.osc_enable
                0x00400138       0x88 src/ASF/common/services/clock/sam4s/sysclk.o
 .text.osc_is_ready
                0x004001c0       0x70 src/ASF/common/services/clock/sam4s/sysclk.o
 .text.osc_get_rate
                0x00400230       0x74 src/ASF/common/services/clock/sam4s/sysclk.o
 .text.osc_wait_ready
                0x004002a4       0x2c src/ASF/common/services/clock/sam4s/sysclk.o
 .text.pll_config_init
                0x004002d0       0x54 src/ASF/common/services/clock/sam4s/sysclk.o
 .text.pll_enable
                0x00400324       0x44 src/ASF/common/services/clock/sam4s/sysclk.o
 .text.pll_is_locked
                0x00400368       0x2c src/ASF/common/services/clock/sam4s/sysclk.o
 .text.pll_enable_source
                0x00400394       0x38 src/ASF/common/services/clock/sam4s/sysclk.o
 .text.pll_wait_for_lock
                0x004003cc       0x24 src/ASF/common/services/clock/sam4s/sysclk.o
 .text.sysclk_get_main_hz
                0x004003f0       0x1c src/ASF/common/services/clock/sam4s/sysclk.o
 .text.sysclk_get_cpu_hz
                0x0040040c       0x14 src/ASF/common/services/clock/sam4s/sysclk.o
 .text.sysclk_init
                0x00400420       0x70 src/ASF/common/services/clock/sam4s/sysclk.o
                0x00400420                sysclk_init
 .text.pio_pull_up
                0x00400490       0x2a src/ASF/sam/drivers/pio/pio.o
                0x00400490                pio_pull_up
 .text.pio_set_debounce_filter
                0x004004ba       0x36 src/ASF/sam/drivers/pio/pio.o
                0x004004ba                pio_set_debounce_filter
 .text.pio_set_peripheral
                0x004004f0      0x10e src/ASF/sam/drivers/pio/pio.o
                0x004004f0                pio_set_peripheral
 *fill*         0x004005fe        0x2 
 .text.pio_set_input
                0x00400600       0x80 src/ASF/sam/drivers/pio/pio.o
                0x00400600                pio_set_input
 .text.pio_set_output
                0x00400680       0x64 src/ASF/sam/drivers/pio/pio.o
                0x00400680                pio_set_output
 .text.pio_configure_interrupt
                0x004006e4       0x6a src/ASF/sam/drivers/pio/pio.o
                0x004006e4                pio_configure_interrupt
 .text.pio_enable_interrupt
                0x0040074e       0x1a src/ASF/sam/drivers/pio/pio.o
                0x0040074e                pio_enable_interrupt
 .text.pio_disable_interrupt
                0x00400768       0x1a src/ASF/sam/drivers/pio/pio.o
                0x00400768                pio_disable_interrupt
 .text.pio_get_interrupt_status
                0x00400782       0x16 src/ASF/sam/drivers/pio/pio.o
                0x00400782                pio_get_interrupt_status
 .text.pio_get_interrupt_mask
                0x00400798       0x16 src/ASF/sam/drivers/pio/pio.o
                0x00400798                pio_get_interrupt_mask
 *fill*         0x004007ae        0x2 
 .text.pio_set_pin_high
                0x004007b0       0x30 src/ASF/sam/drivers/pio/pio.o
                0x004007b0                pio_set_pin_high
 .text.pio_set_pin_low
                0x004007e0       0x30 src/ASF/sam/drivers/pio/pio.o
                0x004007e0                pio_set_pin_low
 .text.pio_configure_pin
                0x00400810      0x1b0 src/ASF/sam/drivers/pio/pio.o
                0x00400810                pio_configure_pin
 .text.pio_get_pin_group
                0x004009c0       0x24 src/ASF/sam/drivers/pio/pio.o
                0x004009c0                pio_get_pin_group
 .text.pio_capture_enable
                0x004009e4       0x2c src/ASF/sam/drivers/pio/pio.o
                0x004009e4                pio_capture_enable
 .text.pio_capture_disable
                0x00400a10       0x2c src/ASF/sam/drivers/pio/pio.o
                0x00400a10                pio_capture_disable
 .text.pio_handler_process
                0x00400a3c       0xd4 src/ASF/sam/drivers/pio/pio_handler.o
                0x00400a3c                pio_handler_process
 .text.pio_handler_set
                0x00400b10       0xa0 src/ASF/sam/drivers/pio/pio_handler.o
                0x00400b10                pio_handler_set
 .text.PIOA_Handler
                0x00400bb0       0x18 src/ASF/sam/drivers/pio/pio_handler.o
                0x00400bb0                PIOA_Handler
 .text.PIOB_Handler
                0x00400bc8       0x18 src/ASF/sam/drivers/pio/pio_handler.o
                0x00400bc8                PIOB_Handler
 .text.pmc_switch_mck_to_pllack
                0x00400be0       0x80 src/ASF/sam/drivers/pmc/pmc.o
                0x00400be0                pmc_switch_mck_to_pllack
 .text.pmc_switch_sclk_to_32kxtal
                0x00400c60       0x38 src/ASF/sam/drivers/pmc/pmc.o
                0x00400c60                pmc_switch_sclk_to_32kxtal
 .text.pmc_osc_is_ready_32kxtal
                0x00400c98       0x34 src/ASF/sam/drivers/pmc/pmc.o
                0x00400c98                pmc_osc_is_ready_32kxtal
 .text.pmc_switch_mainck_to_fastrc
                0x00400ccc       0x70 src/ASF/sam/drivers/pmc/pmc.o
                0x00400ccc                pmc_switch_mainck_to_fastrc
 .text.pmc_switch_mainck_to_xtal
                0x00400d3c       0x78 src/ASF/sam/drivers/pmc/pmc.o
                0x00400d3c                pmc_switch_mainck_to_xtal
 .text.pmc_osc_is_ready_mainck
                0x00400db4       0x18 src/ASF/sam/drivers/pmc/pmc.o
                0x00400db4                pmc_osc_is_ready_mainck
 .text.pmc_disable_pllack
                0x00400dcc       0x18 src/ASF/sam/drivers/pmc/pmc.o
                0x00400dcc                pmc_disable_pllack
 .text.pmc_is_locked_pllack
                0x00400de4       0x18 src/ASF/sam/drivers/pmc/pmc.o
                0x00400de4                pmc_is_locked_pllack
 .text.pmc_enable_pllbck
                0x00400dfc       0x50 src/ASF/sam/drivers/pmc/pmc.o
                0x00400dfc                pmc_enable_pllbck
 .text.pmc_disable_pllbck
                0x00400e4c       0x18 src/ASF/sam/drivers/pmc/pmc.o
                0x00400e4c                pmc_disable_pllbck
 .text.pmc_is_locked_pllbck
                0x00400e64       0x18 src/ASF/sam/drivers/pmc/pmc.o
                0x00400e64                pmc_is_locked_pllbck
 .text.pmc_enable_periph_clk
                0x00400e7c       0x80 src/ASF/sam/drivers/pmc/pmc.o
                0x00400e7c                pmc_enable_periph_clk
 .text.tc_init  0x00400efc       0x38 src/ASF/sam/drivers/tc/tc.o
                0x00400efc                tc_init
 .text.tc_start
                0x00400f34       0x20 src/ASF/sam/drivers/tc/tc.o
                0x00400f34                tc_start
 .text.tc_write_rc
                0x00400f54       0x24 src/ASF/sam/drivers/tc/tc.o
                0x00400f54                tc_write_rc
 .text.tc_enable_interrupt
                0x00400f78       0x26 src/ASF/sam/drivers/tc/tc.o
                0x00400f78                tc_enable_interrupt
 .text.tc_get_status
                0x00400f9e       0x22 src/ASF/sam/drivers/tc/tc.o
                0x00400f9e                tc_get_status
 .text.tc_find_mck_divisor
                0x00400fc0       0xa4 src/ASF/sam/drivers/tc/tc.o
                0x00400fc0                tc_find_mck_divisor
 .text.twi_enable_master_mode
                0x00401064       0x24 src/ASF/sam/drivers/twi/twi.o
                0x00401064                twi_enable_master_mode
 .text.twi_master_init
                0x00401088       0x64 src/ASF/sam/drivers/twi/twi.o
                0x00401088                twi_master_init
 .text.twi_set_speed
                0x004010ec       0xf4 src/ASF/sam/drivers/twi/twi.o
                0x004010ec                twi_set_speed
 .text.twi_mk_addr
                0x004011e0       0x5a src/ASF/sam/drivers/twi/twi.o
                0x004011e0                twi_mk_addr
 *fill*         0x0040123a        0x2 
 .text.twi_master_read
                0x0040123c      0x10c src/ASF/sam/drivers/twi/twi.o
                0x0040123c                twi_master_read
 .text.twi_master_write
                0x00401348       0xdc src/ASF/sam/drivers/twi/twi.o
                0x00401348                twi_master_write
 .text.twi_reset
                0x00401424       0x1c src/ASF/sam/drivers/twi/twi.o
                0x00401424                twi_reset
 .text.usart_set_async_baudrate
                0x00401440       0x88 src/ASF/sam/drivers/usart/usart.o
                0x00401440                usart_set_async_baudrate
 .text.usart_reset
                0x004014c8       0x60 src/ASF/sam/drivers/usart/usart.o
                0x004014c8                usart_reset
 .text.usart_init_rs232
                0x00401528       0x84 src/ASF/sam/drivers/usart/usart.o
                0x00401528                usart_init_rs232
 .text.usart_init_hw_handshaking
                0x004015ac       0x40 src/ASF/sam/drivers/usart/usart.o
                0x004015ac                usart_init_hw_handshaking
 .text.usart_enable_tx
                0x004015ec       0x18 src/ASF/sam/drivers/usart/usart.o
                0x004015ec                usart_enable_tx
 .text.usart_reset_tx
                0x00401604       0x18 src/ASF/sam/drivers/usart/usart.o
                0x00401604                usart_reset_tx
 .text.usart_enable_rx
                0x0040161c       0x18 src/ASF/sam/drivers/usart/usart.o
                0x0040161c                usart_enable_rx
 .text.usart_reset_rx
                0x00401634       0x18 src/ASF/sam/drivers/usart/usart.o
                0x00401634                usart_reset_rx
 .text.usart_enable_interrupt
                0x0040164c       0x1a src/ASF/sam/drivers/usart/usart.o
                0x0040164c                usart_enable_interrupt
 .text.usart_disable_interrupt
                0x00401666       0x1a src/ASF/sam/drivers/usart/usart.o
                0x00401666                usart_disable_interrupt
 .text.usart_get_status
                0x00401680       0x16 src/ASF/sam/drivers/usart/usart.o
                0x00401680                usart_get_status
 .text.usart_reset_status
                0x00401696       0x1a src/ASF/sam/drivers/usart/usart.o
                0x00401696                usart_reset_status
 .text.usart_drive_DTR_pin_high
                0x004016b0       0x1a src/ASF/sam/drivers/usart/usart.o
                0x004016b0                usart_drive_DTR_pin_high
 .text.usart_drive_RTS_pin_high
                0x004016ca       0x1a src/ASF/sam/drivers/usart/usart.o
                0x004016ca                usart_drive_RTS_pin_high
 .text.usart_putchar
                0x004016e4       0x2e src/ASF/sam/drivers/usart/usart.o
                0x004016e4                usart_putchar
 *fill*         0x00401712        0x2 
 .text.usart_write_line
                0x00401714       0x30 src/ASF/sam/drivers/usart/usart.o
                0x00401714                usart_write_line
 .text.usart_read
                0x00401744       0x32 src/ASF/sam/drivers/usart/usart.o
                0x00401744                usart_read
 *fill*         0x00401776        0x2 
 .text.usart_disable_writeprotect
                0x00401778       0x20 src/ASF/sam/drivers/usart/usart.o
                0x00401778                usart_disable_writeprotect
 .text.wdt_disable
                0x00401798       0x1a src/ASF/sam/drivers/wdt/wdt.o
                0x00401798                wdt_disable
 *fill*         0x004017b2        0x2 
 .text.NVIC_EnableIRQ
                0x004017b4       0x30 src/camera.o
 .text.NVIC_DisableIRQ
                0x004017e4       0x34 src/camera.o
 .text.NVIC_ClearPendingIRQ
                0x00401818       0x34 src/camera.o
 .text.NVIC_SetPriority
                0x0040184c       0x54 src/camera.o
 .text.osc_get_rate
                0x004018a0       0x74 src/camera.o
 .text.sysclk_get_main_hz
                0x00401914       0x1c src/camera.o
 .text.sysclk_get_cpu_hz
                0x00401930       0x14 src/camera.o
 .text.vsync_handler
                0x00401944       0x20 src/camera.o
                0x00401944                vsync_handler
 .text.init_vsync_interrupts
                0x00401964       0x38 src/camera.o
                0x00401964                init_vsync_interrupts
 .text.configure_twi
                0x0040199c       0x68 src/camera.o
                0x0040199c                configure_twi
 .text.pio_capture_init
                0x00401a04       0x7c src/camera.o
                0x00401a04                pio_capture_init
 .text.pio_capture_to_buffer
                0x00401a80       0x66 src/camera.o
                0x00401a80                pio_capture_to_buffer
 *fill*         0x00401ae6        0x2 
 .text.init_camera
                0x00401ae8       0xf0 src/camera.o
                0x00401ae8                init_camera
 .text.configure_camera
                0x00401bd8       0x44 src/camera.o
                0x00401bd8                configure_camera
 .text.start_capture
                0x00401c1c       0x88 src/camera.o
                0x00401c1c                start_capture
 .text.find_image_len
                0x00401ca4       0xa8 src/camera.o
                0x00401ca4                find_image_len
 .text.osc_get_rate
                0x00401d4c       0x74 src/ov2640.o
 .text.sysclk_get_main_hz
                0x00401dc0       0x1c src/ov2640.o
 .text.sysclk_get_cpu_hz
                0x00401ddc       0x14 src/ov2640.o
 .text.ov_id    0x00401df0       0x70 src/ov2640.o
 .text.ov_manufacturer
                0x00401e60       0x78 src/ov2640.o
 .text.ov_test_write
                0x00401ed8       0xb0 src/ov2640.o
 .text.ov_read_reg
                0x00401f88       0x24 src/ov2640.o
                0x00401f88                ov_read_reg
 .text.ov_write_reg
                0x00401fac       0x24 src/ov2640.o
                0x00401fac                ov_write_reg
 .text.ov_write_regs
                0x00401fd0       0xd4 src/ov2640.o
                0x00401fd0                ov_write_regs
 .text.ov_init  0x004020a4       0x8c src/ov2640.o
                0x004020a4                ov_init
 .text.ov_configure
                0x00402130      0x13c src/ov2640.o
                0x00402130                ov_configure
 .text.NVIC_EnableIRQ
                0x0040226c       0x30 src/timer_interface.o
 .text.osc_get_rate
                0x0040229c       0x74 src/timer_interface.o
 .text.sysclk_get_main_hz
                0x00402310       0x1c src/timer_interface.o
 .text.sysclk_get_cpu_hz
                0x0040232c       0x14 src/timer_interface.o
 .text.TC0_Handler
                0x00402340       0x3c src/timer_interface.o
                0x00402340                TC0_Handler
 .text.configure_tc
                0x0040237c       0x8c src/timer_interface.o
                0x0040237c                configure_tc
 .text.NVIC_EnableIRQ
                0x00402408       0x30 src/wifi.o
 .text.osc_get_rate
                0x00402438       0x74 src/wifi.o
 .text.sysclk_get_main_hz
                0x004024ac       0x1c src/wifi.o
 .text.sysclk_get_cpu_hz
                0x004024c8       0x14 src/wifi.o
 .text.sysclk_get_peripheral_hz
                0x004024dc       0x14 src/wifi.o
 .text.sysclk_enable_peripheral_clock
                0x004024f0       0x1c src/wifi.o
 .text.USART0_Handler
                0x0040250c       0x54 src/wifi.o
                0x0040250c                USART0_Handler
 .text.process_incoming_byte_wifi
                0x00402560       0x2c src/wifi.o
                0x00402560                process_incoming_byte_wifi
 .text.wifi_command_response_handler
                0x0040258c       0x50 src/wifi.o
                0x0040258c                wifi_command_response_handler
 .text.process_data_wifi
                0x004025dc       0xc8 src/wifi.o
                0x004025dc                process_data_wifi
 .text.wifi_web_setup_handler
                0x004026a4       0x20 src/wifi.o
                0x004026a4                wifi_web_setup_handler
 .text.configure_usart_wifi
                0x004026c4       0xb0 src/wifi.o
                0x004026c4                configure_usart_wifi
 .text.configure_wifi_comm_pin
                0x00402774       0x50 src/wifi.o
                0x00402774                configure_wifi_comm_pin
 .text.configure_wifi_web_setup_pin
                0x004027c4       0x5c src/wifi.o
                0x004027c4                configure_wifi_web_setup_pin
 .text.write_wifi_command
                0x00402820       0x54 src/wifi.o
                0x00402820                write_wifi_command
 .text.write_image_to_file
                0x00402874      0x16c src/wifi.o
                0x00402874                write_image_to_file
 .text.sysclk_enable_peripheral_clock
                0x004029e0       0x1c src/ASF/common/boards/user_board/init.o
 .text.ioport_init
                0x004029fc       0x18 src/ASF/common/boards/user_board/init.o
 .text.ioport_set_pin_dir
                0x00402a14       0x86 src/ASF/common/boards/user_board/init.o
 .text.ioport_set_pin_level
                0x00402a9a       0x6a src/ASF/common/boards/user_board/init.o
 .text.board_init
                0x00402b04       0xe8 src/ASF/common/boards/user_board/init.o
                0x00402b04                board_init
 .text.Reset_Handler
                0x00402bec       0xc8 src/ASF/sam/utils/cmsis/sam4s/source/templates/gcc/startup_sam4s.o
                0x00402bec                Reset_Handler
 .text.Dummy_Handler
                0x00402cb4        0x6 src/ASF/sam/utils/cmsis/sam4s/source/templates/gcc/startup_sam4s.o
                0x00402cb4                DACC_Handler
                0x00402cb4                DebugMon_Handler
                0x00402cb4                HardFault_Handler
                0x00402cb4                TC2_Handler
                0x00402cb4                SPI_Handler
                0x00402cb4                SysTick_Handler
                0x00402cb4                TWI1_Handler
                0x00402cb4                PendSV_Handler
                0x00402cb4                NMI_Handler
                0x00402cb4                ADC_Handler
                0x00402cb4                CRCCU_Handler
                0x00402cb4                RTT_Handler
                0x00402cb4                RTC_Handler
                0x00402cb4                UsageFault_Handler
                0x00402cb4                WDT_Handler
                0x00402cb4                TC1_Handler
                0x00402cb4                HSMCI_Handler
                0x00402cb4                UART1_Handler
                0x00402cb4                Dummy_Handler
                0x00402cb4                TWI0_Handler
                0x00402cb4                USART1_Handler
                0x00402cb4                SSC_Handler
                0x00402cb4                EFC0_Handler
                0x00402cb4                ACC_Handler
                0x00402cb4                PMC_Handler
                0x00402cb4                PWM_Handler
                0x00402cb4                MemManage_Handler
                0x00402cb4                SUPC_Handler
                0x00402cb4                SVC_Handler
                0x00402cb4                UART0_Handler
                0x00402cb4                UDP_Handler
                0x00402cb4                BusFault_Handler
                0x00402cb4                RSTC_Handler
 *fill*         0x00402cba        0x2 
 .text.SystemCoreClockUpdate
                0x00402cbc      0x198 src/ASF/sam/utils/cmsis/sam4s/source/templates/system_sam4s.o
                0x00402cbc                SystemCoreClockUpdate
 .text.system_init_flash
                0x00402e54       0x94 src/ASF/sam/utils/cmsis/sam4s/source/templates/system_sam4s.o
                0x00402e54                system_init_flash
 .text._sbrk    0x00402ee8       0x58 src/ASF/sam/utils/syscalls/gcc/syscalls.o
                0x00402ee8                _sbrk
 .text.osc_get_rate
                0x00402f40       0x74 src/main.o
 .text.sysclk_get_main_hz
                0x00402fb4       0x1c src/main.o
 .text.sysclk_get_cpu_hz
                0x00402fd0       0x14 src/main.o
 .text.ioport_get_pin_level
                0x00402fe4       0x4e src/main.o
 *fill*         0x00403032        0x2 
 .text.main     0x00403034      0x2cc src/main.o
                0x00403034                main
 .text          0x00403300       0x30 c:/program files (x86)/atmel/studio/7.0/toolchain/arm/arm-gnu-toolchain/bin/../lib/gcc/arm-none-eabi/6.3.1/thumb/v7e-m\libgcc.a(_aeabi_uldivmod.o)
                0x00403300                __aeabi_uldivmod
 .text          0x00403330      0x2dc c:/program files (x86)/atmel/studio/7.0/toolchain/arm/arm-gnu-toolchain/bin/../lib/gcc/arm-none-eabi/6.3.1/thumb/v7e-m\libgcc.a(_udivmoddi4.o)
                0x00403330                __udivmoddi4
 .text          0x0040360c        0x4 c:/program files (x86)/atmel/studio/7.0/toolchain/arm/arm-gnu-toolchain/bin/../lib/gcc/arm-none-eabi/6.3.1/thumb/v7e-m\libgcc.a(_dvmd_tls.o)
                0x0040360c                __aeabi_idiv0
                0x0040360c                __aeabi_ldiv0
 .text.__libc_init_array
                0x00403610       0x50 c:/program files (x86)/atmel/studio/7.0/toolchain/arm/arm-gnu-toolchain/bin/../lib/gcc/arm-none-eabi/6.3.1/../../../../arm-none-eabi/lib/thumb/v7e-m\libc.a(lib_a-init.o)
                0x00403610                __libc_init_array
 .text.memset   0x00403660       0x9c c:/program files (x86)/atmel/studio/7.0/toolchain/arm/arm-gnu-toolchain/bin/../lib/gcc/arm-none-eabi/6.3.1/../../../../arm-none-eabi/lib/thumb/v7e-m\libc.a(lib_a-memset.o)
                0x00403660                memset
 .text.sprintf  0x004036fc       0x4c c:/program files (x86)/atmel/studio/7.0/toolchain/arm/arm-gnu-toolchain/bin/../lib/gcc/arm-none-eabi/6.3.1/../../../../arm-none-eabi/lib/thumb/v7e-m\libc.a(lib_a-sprintf.o)
                0x004036fc                sprintf
 .text.strchr   0x00403748       0xe8 c:/program files (x86)/atmel/studio/7.0/toolchain/arm/arm-gnu-toolchain/bin/../lib/gcc/arm-none-eabi/6.3.1/../../../../arm-none-eabi/lib/thumb/v7e-m\libc.a(lib_a-strchr.o)
                0x00403748                strchr
 .text.critical_factorization
                0x00403830       0xb4 c:/program files (x86)/atmel/studio/7.0/toolchain/arm/arm-gnu-toolchain/bin/../lib/gcc/arm-none-eabi/6.3.1/../../../../arm-none-eabi/lib/thumb/v7e-m\libc.a(lib_a-strstr.o)
 .text.two_way_long_needle
                0x004038e4      0x1fc c:/program files (x86)/atmel/studio/7.0/toolchain/arm/arm-gnu-toolchain/bin/../lib/gcc/arm-none-eabi/6.3.1/../../../../arm-none-eabi/lib/thumb/v7e-m\libc.a(lib_a-strstr.o)
 .text.strstr   0x00403ae0      0x218 c:/program files (x86)/atmel/studio/7.0/toolchain/arm/arm-gnu-toolchain/bin/../lib/gcc/arm-none-eabi/6.3.1/../../../../arm-none-eabi/lib/thumb/v7e-m\libc.a(lib_a-strstr.o)
                0x00403ae0                strstr
 .text._svfprintf_r
                0x00403cf8     0x145c c:/program files (x86)/atmel/studio/7.0/toolchain/arm/arm-gnu-toolchain/bin/../lib/gcc/arm-none-eabi/6.3.1/../../../../arm-none-eabi/lib/thumb/v7e-m\libc.a(lib_a-svfprintf.o)
                0x00403cf8                _svfprintf_r
 .text.startup.register_fini
                0x00405154       0x14 c:/program files (x86)/atmel/studio/7.0/toolchain/arm/arm-gnu-toolchain/bin/../lib/gcc/arm-none-eabi/6.3.1/../../../../arm-none-eabi/lib/thumb/v7e-m\libc.a(lib_a-__call_atexit.o)
 .text.atexit   0x00405168        0xc c:/program files (x86)/atmel/studio/7.0/toolchain/arm/arm-gnu-toolchain/bin/../lib/gcc/arm-none-eabi/6.3.1/../../../../arm-none-eabi/lib/thumb/v7e-m\libc.a(lib_a-atexit.o)
                0x00405168                atexit
 .text.quorem   0x00405174      0x128 c:/program files (x86)/atmel/studio/7.0/toolchain/arm/arm-gnu-toolchain/bin/../lib/gcc/arm-none-eabi/6.3.1/../../../../arm-none-eabi/lib/thumb/v7e-m\libc.a(lib_a-dtoa.o)
 *fill*         0x0040529c        0x4 
 .text._dtoa_r  0x004052a0      0xe54 c:/program files (x86)/atmel/studio/7.0/toolchain/arm/arm-gnu-toolchain/bin/../lib/gcc/arm-none-eabi/6.3.1/../../../../arm-none-eabi/lib/thumb/v7e-m\libc.a(lib_a-dtoa.o)
                0x004052a0                _dtoa_r
 .text.__libc_fini_array
                0x004060f4       0x34 c:/program files (x86)/atmel/studio/7.0/toolchain/arm/arm-gnu-toolchain/bin/../lib/gcc/arm-none-eabi/6.3.1/../../../../arm-none-eabi/lib/thumb/v7e-m\libc.a(lib_a-fini.o)
                0x004060f4                __libc_fini_array
 .text._localeconv_r
                0x00406128       0x1c c:/program files (x86)/atmel/studio/7.0/toolchain/arm/arm-gnu-toolchain/bin/../lib/gcc/arm-none-eabi/6.3.1/../../../../arm-none-eabi/lib/thumb/v7e-m\libc.a(lib_a-localeconv.o)
                0x00406128                _localeconv_r
 .text.__retarget_lock_acquire_recursive
                0x00406144        0x4 c:/program files (x86)/atmel/studio/7.0/toolchain/arm/arm-gnu-toolchain/bin/../lib/gcc/arm-none-eabi/6.3.1/../../../../arm-none-eabi/lib/thumb/v7e-m\libc.a(lib_a-lock.o)
                0x00406144                __retarget_lock_acquire_recursive
 .text.__retarget_lock_release_recursive
                0x00406148        0x4 c:/program files (x86)/atmel/studio/7.0/toolchain/arm/arm-gnu-toolchain/bin/../lib/gcc/arm-none-eabi/6.3.1/../../../../arm-none-eabi/lib/thumb/v7e-m\libc.a(lib_a-lock.o)
                0x00406148                __retarget_lock_release_recursive
 .text._malloc_r
                0x0040614c      0x560 c:/program files (x86)/atmel/studio/7.0/toolchain/arm/arm-gnu-toolchain/bin/../lib/gcc/arm-none-eabi/6.3.1/../../../../arm-none-eabi/lib/thumb/v7e-m\libc.a(lib_a-mallocr.o)
                0x0040614c                _malloc_r
 *fill*         0x004066ac        0x4 
 .text          0x004066b0       0xa0 c:/program files (x86)/atmel/studio/7.0/toolchain/arm/arm-gnu-toolchain/bin/../lib/gcc/arm-none-eabi/6.3.1/../../../../arm-none-eabi/lib/thumb/v7e-m\libc.a(lib_a-memchr.o)
                0x004066b0                memchr
 .text.memcmp   0x00406750       0x60 c:/program files (x86)/atmel/studio/7.0/toolchain/arm/arm-gnu-toolchain/bin/../lib/gcc/arm-none-eabi/6.3.1/../../../../arm-none-eabi/lib/thumb/v7e-m\libc.a(lib_a-memcmp.o)
                0x00406750                memcmp
 .text          0x004067b0      0x134 c:/program files (x86)/atmel/studio/7.0/toolchain/arm/arm-gnu-toolchain/bin/../lib/gcc/arm-none-eabi/6.3.1/../../../../arm-none-eabi/lib/thumb/v7e-m\libc.a(lib_a-memcpy.o)
                0x004067b0                memcpy
 .text.__malloc_lock
                0x004068e4        0xc c:/program files (x86)/atmel/studio/7.0/toolchain/arm/arm-gnu-toolchain/bin/../lib/gcc/arm-none-eabi/6.3.1/../../../../arm-none-eabi/lib/thumb/v7e-m\libc.a(lib_a-mlock.o)
                0x004068e4                __malloc_lock
 .text.__malloc_unlock
                0x004068f0        0xc c:/program files (x86)/atmel/studio/7.0/toolchain/arm/arm-gnu-toolchain/bin/../lib/gcc/arm-none-eabi/6.3.1/../../../../arm-none-eabi/lib/thumb/v7e-m\libc.a(lib_a-mlock.o)
                0x004068f0                __malloc_unlock
 .text._Balloc  0x004068fc       0x4c c:/program files (x86)/atmel/studio/7.0/toolchain/arm/arm-gnu-toolchain/bin/../lib/gcc/arm-none-eabi/6.3.1/../../../../arm-none-eabi/lib/thumb/v7e-m\libc.a(lib_a-mprec.o)
                0x004068fc                _Balloc
 .text._Bfree   0x00406948       0x14 c:/program files (x86)/atmel/studio/7.0/toolchain/arm/arm-gnu-toolchain/bin/../lib/gcc/arm-none-eabi/6.3.1/../../../../arm-none-eabi/lib/thumb/v7e-m\libc.a(lib_a-mprec.o)
                0x00406948                _Bfree
 .text.__multadd
                0x0040695c       0x80 c:/program files (x86)/atmel/studio/7.0/toolchain/arm/arm-gnu-toolchain/bin/../lib/gcc/arm-none-eabi/6.3.1/../../../../arm-none-eabi/lib/thumb/v7e-m\libc.a(lib_a-mprec.o)
                0x0040695c                __multadd
 .text.__hi0bits
                0x004069dc       0x40 c:/program files (x86)/atmel/studio/7.0/toolchain/arm/arm-gnu-toolchain/bin/../lib/gcc/arm-none-eabi/6.3.1/../../../../arm-none-eabi/lib/thumb/v7e-m\libc.a(lib_a-mprec.o)
                0x004069dc                __hi0bits
 .text.__lo0bits
                0x00406a1c       0x60 c:/program files (x86)/atmel/studio/7.0/toolchain/arm/arm-gnu-toolchain/bin/../lib/gcc/arm-none-eabi/6.3.1/../../../../arm-none-eabi/lib/thumb/v7e-m\libc.a(lib_a-mprec.o)
                0x00406a1c                __lo0bits
 .text.__i2b    0x00406a7c       0x14 c:/program files (x86)/atmel/studio/7.0/toolchain/arm/arm-gnu-toolchain/bin/../lib/gcc/arm-none-eabi/6.3.1/../../../../arm-none-eabi/lib/thumb/v7e-m\libc.a(lib_a-mprec.o)
                0x00406a7c                __i2b
 .text.__multiply
                0x00406a90      0x124 c:/program files (x86)/atmel/studio/7.0/toolchain/arm/arm-gnu-toolchain/bin/../lib/gcc/arm-none-eabi/6.3.1/../../../../arm-none-eabi/lib/thumb/v7e-m\libc.a(lib_a-mprec.o)
                0x00406a90                __multiply
 .text.__pow5mult
                0x00406bb4       0xa0 c:/program files (x86)/atmel/studio/7.0/toolchain/arm/arm-gnu-toolchain/bin/../lib/gcc/arm-none-eabi/6.3.1/../../../../arm-none-eabi/lib/thumb/v7e-m\libc.a(lib_a-mprec.o)
                0x00406bb4                __pow5mult
 .text.__lshift
                0x00406c54       0xa4 c:/program files (x86)/atmel/studio/7.0/toolchain/arm/arm-gnu-toolchain/bin/../lib/gcc/arm-none-eabi/6.3.1/../../../../arm-none-eabi/lib/thumb/v7e-m\libc.a(lib_a-mprec.o)
                0x00406c54                __lshift
 .text.__mcmp   0x00406cf8       0x38 c:/program files (x86)/atmel/studio/7.0/toolchain/arm/arm-gnu-toolchain/bin/../lib/gcc/arm-none-eabi/6.3.1/../../../../arm-none-eabi/lib/thumb/v7e-m\libc.a(lib_a-mprec.o)
                0x00406cf8                __mcmp
 .text.__mdiff  0x00406d30      0x108 c:/program files (x86)/atmel/studio/7.0/toolchain/arm/arm-gnu-toolchain/bin/../lib/gcc/arm-none-eabi/6.3.1/../../../../arm-none-eabi/lib/thumb/v7e-m\libc.a(lib_a-mprec.o)
                0x00406d30                __mdiff
 .text.__d2b    0x00406e38       0xb8 c:/program files (x86)/atmel/studio/7.0/toolchain/arm/arm-gnu-toolchain/bin/../lib/gcc/arm-none-eabi/6.3.1/../../../../arm-none-eabi/lib/thumb/v7e-m\libc.a(lib_a-mprec.o)
                0x00406e38                __d2b
 .text._sbrk_r  0x00406ef0       0x24 c:/program files (x86)/atmel/studio/7.0/toolchain/arm/arm-gnu-toolchain/bin/../lib/gcc/arm-none-eabi/6.3.1/../../../../arm-none-eabi/lib/thumb/v7e-m\libc.a(lib_a-sbrkr.o)
                0x00406ef0                _sbrk_r
 *fill*         0x00406f14       0x2c 
 .text          0x00406f40       0xdc c:/program files (x86)/atmel/studio/7.0/toolchain/arm/arm-gnu-toolchain/bin/../lib/gcc/arm-none-eabi/6.3.1/../../../../arm-none-eabi/lib/thumb/v7e-m\libc.a(lib_a-strlen.o)
                0x00406f40                strlen
 .text.__ssprint_r
                0x0040701c       0xfc c:/program files (x86)/atmel/studio/7.0/toolchain/arm/arm-gnu-toolchain/bin/../lib/gcc/arm-none-eabi/6.3.1/../../../../arm-none-eabi/lib/thumb/v7e-m\libc.a(lib_a-svfiprintf.o)
                0x0040701c                __ssprint_r
 .text.__register_exitproc
                0x00407118       0xc4 c:/program files (x86)/atmel/studio/7.0/toolchain/arm/arm-gnu-toolchain/bin/../lib/gcc/arm-none-eabi/6.3.1/../../../../arm-none-eabi/lib/thumb/v7e-m\libc.a(lib_a-__atexit.o)
                0x00407118                __register_exitproc
 .text._calloc_r
                0x004071dc       0x60 c:/program files (x86)/atmel/studio/7.0/toolchain/arm/arm-gnu-toolchain/bin/../lib/gcc/arm-none-eabi/6.3.1/../../../../arm-none-eabi/lib/thumb/v7e-m\libc.a(lib_a-callocr.o)
                0x004071dc                _calloc_r
 .text._malloc_trim_r
                0x0040723c       0xa0 c:/program files (x86)/atmel/studio/7.0/toolchain/arm/arm-gnu-toolchain/bin/../lib/gcc/arm-none-eabi/6.3.1/../../../../arm-none-eabi/lib/thumb/v7e-m\libc.a(lib_a-freer.o)
                0x0040723c                _malloc_trim_r
 .text._free_r  0x004072dc      0x1cc c:/program files (x86)/atmel/studio/7.0/toolchain/arm/arm-gnu-toolchain/bin/../lib/gcc/arm-none-eabi/6.3.1/../../../../arm-none-eabi/lib/thumb/v7e-m\libc.a(lib_a-freer.o)
                0x004072dc                _free_r
 .text.__ascii_mbtowc
                0x004074a8       0x2c c:/program files (x86)/atmel/studio/7.0/toolchain/arm/arm-gnu-toolchain/bin/../lib/gcc/arm-none-eabi/6.3.1/../../../../arm-none-eabi/lib/thumb/v7e-m\libc.a(lib_a-mbtowc_r.o)
                0x004074a8                __ascii_mbtowc
 .text.memmove  0x004074d4       0xc8 c:/program files (x86)/atmel/studio/7.0/toolchain/arm/arm-gnu-toolchain/bin/../lib/gcc/arm-none-eabi/6.3.1/../../../../arm-none-eabi/lib/thumb/v7e-m\libc.a(lib_a-memmove.o)
                0x004074d4                memmove
 .text._realloc_r
                0x0040759c      0x34c c:/program files (x86)/atmel/studio/7.0/toolchain/arm/arm-gnu-toolchain/bin/../lib/gcc/arm-none-eabi/6.3.1/../../../../arm-none-eabi/lib/thumb/v7e-m\libc.a(lib_a-reallocr.o)
                0x0040759c                _realloc_r
 .text.__ascii_wctomb
                0x004078e8       0x1c c:/program files (x86)/atmel/studio/7.0/toolchain/arm/arm-gnu-toolchain/bin/../lib/gcc/arm-none-eabi/6.3.1/../../../../arm-none-eabi/lib/thumb/v7e-m\libc.a(lib_a-wctomb_r.o)
                0x004078e8                __ascii_wctomb
 .text          0x00407904      0x370 c:/program files (x86)/atmel/studio/7.0/toolchain/arm/arm-gnu-toolchain/bin/../lib/gcc/arm-none-eabi/6.3.1/thumb/v7e-m\libgcc.a(_arm_addsubdf3.o)
                0x00407904                __aeabi_drsub
                0x0040790c                __aeabi_dsub
                0x0040790c                __subdf3
                0x00407910                __aeabi_dadd
                0x00407910                __adddf3
                0x00407b88                __floatunsidf
                0x00407b88                __aeabi_ui2d
                0x00407ba8                __floatsidf
                0x00407ba8                __aeabi_i2d
                0x00407bcc                __aeabi_f2d
                0x00407bcc                __extendsfdf2
                0x00407c08                __floatundidf
                0x00407c08                __aeabi_ul2d
                0x00407c18                __floatdidf
                0x00407c18                __aeabi_l2d
 .text          0x00407c74      0x424 c:/program files (x86)/atmel/studio/7.0/toolchain/arm/arm-gnu-toolchain/bin/../lib/gcc/arm-none-eabi/6.3.1/thumb/v7e-m\libgcc.a(_arm_muldivdf3.o)
                0x00407c74                __aeabi_dmul
                0x00407c74                __muldf3
                0x00407ec8                __divdf3
                0x00407ec8                __aeabi_ddiv
 .text          0x00408098      0x110 c:/program files (x86)/atmel/studio/7.0/toolchain/arm/arm-gnu-toolchain/bin/../lib/gcc/arm-none-eabi/6.3.1/thumb/v7e-m\libgcc.a(_arm_cmpdf2.o)
                0x00408098                __gtdf2
                0x00408098                __gedf2
                0x004080a0                __ltdf2
                0x004080a0                __ledf2
                0x004080a8                __nedf2
                0x004080a8                __eqdf2
                0x004080a8                __cmpdf2
                0x00408124                __aeabi_cdrcmple
                0x00408134                __aeabi_cdcmpeq
                0x00408134                __aeabi_cdcmple
                0x00408144                __aeabi_dcmpeq
                0x00408158                __aeabi_dcmplt
                0x0040816c                __aeabi_dcmple
                0x00408180                __aeabi_dcmpge
                0x00408194                __aeabi_dcmpgt
 .text          0x004081a8       0x2c c:/program files (x86)/atmel/studio/7.0/toolchain/arm/arm-gnu-toolchain/bin/../lib/gcc/arm-none-eabi/6.3.1/thumb/v7e-m\libgcc.a(_arm_unorddf2.o)
                0x004081a8                __unorddf2
                0x004081a8                __aeabi_dcmpun
 .text          0x004081d4       0x50 c:/program files (x86)/atmel/studio/7.0/toolchain/arm/arm-gnu-toolchain/bin/../lib/gcc/arm-none-eabi/6.3.1/thumb/v7e-m\libgcc.a(_arm_fixdfsi.o)
                0x004081d4                __aeabi_d2iz
                0x004081d4                __fixdfsi
 *(.glue_7t)
 .glue_7t       0x00408224        0x0 linker stubs
 *(.glue_7)
 .glue_7        0x00408224        0x0 linker stubs
 *(.rodata .rodata* .gnu.linkonce.r.*)
 .rodata.OV2640_JPEG_INIT
                0x00408224      0x17e src/ov2640_table_registers.o
                0x00408224                OV2640_JPEG_INIT
 *fill*         0x004083a2        0x2 
 .rodata.OV2640_YUV422
                0x004083a4       0x14 src/ov2640_table_registers.o
                0x004083a4                OV2640_YUV422
 .rodata.OV2640_JPEG
                0x004083b8       0x12 src/ov2640_table_registers.o
                0x004083b8                OV2640_JPEG
 *fill*         0x004083ca        0x2 
 .rodata.OV2640_JPEG_320x240
                0x004083cc       0x50 src/ov2640_table_registers.o
                0x004083cc                OV2640_JPEG_320x240
 .rodata.OV2640_JPEG_640x480
                0x0040841c       0x52 src/ov2640_table_registers.o
                0x0040841c                OV2640_JPEG_640x480
 *fill*         0x0040846e        0x2 
 .rodata.OV2640_JPEG_800x600
                0x00408470       0x52 src/ov2640_table_registers.o
                0x00408470                OV2640_JPEG_800x600
 *fill*         0x004084c2        0x2 
 .rodata.OV2640_JPEG_1024x768
                0x004084c4       0x4e src/ov2640_table_registers.o
                0x004084c4                OV2640_JPEG_1024x768
 *fill*         0x00408512        0x2 
 .rodata.OV2640_JPEG_1280x1024
                0x00408514       0x52 src/ov2640_table_registers.o
                0x00408514                OV2640_JPEG_1280x1024
 *fill*         0x00408566        0x2 
 .rodata.OV2640_JPEG_1600x1200
                0x00408568       0x52 src/ov2640_table_registers.o
                0x00408568                OV2640_JPEG_1600x1200
 *fill*         0x004085ba        0x2 
 .rodata.OV2640_QVGA_YUV422_10FPS
                0x004085bc       0xf0 src/ov2640_table_registers.o
                0x004085bc                OV2640_QVGA_YUV422_10FPS
 .rodata.OV2640_QVGA_YUV422_15FPS
                0x004086ac       0xf0 src/ov2640_table_registers.o
                0x004086ac                OV2640_QVGA_YUV422_15FPS
 .rodata.OV2640_QVGA_YUV422_20FPS
                0x0040879c       0xf0 src/ov2640_table_registers.o
                0x0040879c                OV2640_QVGA_YUV422_20FPS
 .rodata.OV2640_QVGA_YUV422_30FPS
                0x0040888c       0xf0 src/ov2640_table_registers.o
                0x0040888c                OV2640_QVGA_YUV422_30FPS
 .rodata.OV2640_QVGA_RGB888
                0x0040897c       0xf4 src/ov2640_table_registers.o
                0x0040897c                OV2640_QVGA_RGB888
 .rodata.OV2640_QQVGA_YUV422
                0x00408a70       0xf4 src/ov2640_table_registers.o
                0x00408a70                OV2640_QQVGA_YUV422
 .rodata.OV2640_QQVGA_RGB888
                0x00408b64       0xf4 src/ov2640_table_registers.o
                0x00408b64                OV2640_QQVGA_RGB888
 .rodata.OV2640_TEST_PATTERN
                0x00408c58       0xf4 src/ov2640_table_registers.o
                0x00408c58                OV2640_TEST_PATTERN
 .rodata.OV2640_VGA_YUV422_20FPS
                0x00408d4c       0xf0 src/ov2640_table_registers.o
                0x00408d4c                OV2640_VGA_YUV422_20FPS
 .rodata        0x00408e3c       0x88 src/wifi.o
 .rodata        0x00408ec4       0x4f src/main.o
 *fill*         0x00408f13        0x1 
 .rodata._global_impure_ptr
                0x00408f14        0x4 c:/program files (x86)/atmel/studio/7.0/toolchain/arm/arm-gnu-toolchain/bin/../lib/gcc/arm-none-eabi/6.3.1/../../../../arm-none-eabi/lib/thumb/v7e-m\libc.a(lib_a-impure.o)
                0x00408f14                _global_impure_ptr
 .rodata._svfprintf_r.str1.4
                0x00408f18       0x42 c:/program files (x86)/atmel/studio/7.0/toolchain/arm/arm-gnu-toolchain/bin/../lib/gcc/arm-none-eabi/6.3.1/../../../../arm-none-eabi/lib/thumb/v7e-m\libc.a(lib_a-svfprintf.o)
 *fill*         0x00408f5a        0x2 
 .rodata.blanks.7223
                0x00408f5c       0x10 c:/program files (x86)/atmel/studio/7.0/toolchain/arm/arm-gnu-toolchain/bin/../lib/gcc/arm-none-eabi/6.3.1/../../../../arm-none-eabi/lib/thumb/v7e-m\libc.a(lib_a-svfprintf.o)
 .rodata.zeroes.7224
                0x00408f6c       0x10 c:/program files (x86)/atmel/studio/7.0/toolchain/arm/arm-gnu-toolchain/bin/../lib/gcc/arm-none-eabi/6.3.1/../../../../arm-none-eabi/lib/thumb/v7e-m\libc.a(lib_a-svfprintf.o)
 .rodata._dtoa_r.str1.4
                0x00408f7c       0x10 c:/program files (x86)/atmel/studio/7.0/toolchain/arm/arm-gnu-toolchain/bin/../lib/gcc/arm-none-eabi/6.3.1/../../../../arm-none-eabi/lib/thumb/v7e-m\libc.a(lib_a-dtoa.o)
                                 0x12 (size before relaxing)
 *fill*         0x00408f8c        0x4 
 .rodata.__mprec_bigtens
                0x00408f90       0x28 c:/program files (x86)/atmel/studio/7.0/toolchain/arm/arm-gnu-toolchain/bin/../lib/gcc/arm-none-eabi/6.3.1/../../../../arm-none-eabi/lib/thumb/v7e-m\libc.a(lib_a-mprec.o)
                0x00408f90                __mprec_bigtens
 .rodata.__mprec_tens
                0x00408fb8       0xc8 c:/program files (x86)/atmel/studio/7.0/toolchain/arm/arm-gnu-toolchain/bin/../lib/gcc/arm-none-eabi/6.3.1/../../../../arm-none-eabi/lib/thumb/v7e-m\libc.a(lib_a-mprec.o)
                0x00408fb8                __mprec_tens
 .rodata.p05.6055
                0x00409080        0xc c:/program files (x86)/atmel/studio/7.0/toolchain/arm/arm-gnu-toolchain/bin/../lib/gcc/arm-none-eabi/6.3.1/../../../../arm-none-eabi/lib/thumb/v7e-m\libc.a(lib_a-mprec.o)
 .rodata._setlocale_r.str1.4
                0x0040908c        0xa c:/program files (x86)/atmel/studio/7.0/toolchain/arm/arm-gnu-toolchain/bin/../lib/gcc/arm-none-eabi/6.3.1/../../../../arm-none-eabi/lib/thumb/v7e-m\libc.a(lib_a-locale.o)
                                  0xd (size before relaxing)
 *fill*         0x00409096        0x2 
 .rodata.str1.4
                0x00409098        0x4 c:/program files (x86)/atmel/studio/7.0/toolchain/arm/arm-gnu-toolchain/bin/../lib/gcc/arm-none-eabi/6.3.1/../../../../arm-none-eabi/lib/thumb/v7e-m\libc.a(lib_a-locale.o)
                                  0x2 (size before relaxing)
 .rodata._ctype_
                0x0040909c      0x101 c:/program files (x86)/atmel/studio/7.0/toolchain/arm/arm-gnu-toolchain/bin/../lib/gcc/arm-none-eabi/6.3.1/../../../../arm-none-eabi/lib/thumb/v7e-m\libc.a(lib_a-ctype_.o)
                0x0040909c                _ctype_
 *(.ARM.extab* .gnu.linkonce.armextab.*)
                0x004091a0                . = ALIGN (0x4)
 *fill*         0x0040919d        0x3 
 *(.init)
 .init          0x004091a0        0x4 c:/program files (x86)/atmel/studio/7.0/toolchain/arm/arm-gnu-toolchain/bin/../lib/gcc/arm-none-eabi/6.3.1/thumb/v7e-m/crti.o
                0x004091a0                _init
 .init          0x004091a4        0x8 c:/program files (x86)/atmel/studio/7.0/toolchain/arm/arm-gnu-toolchain/bin/../lib/gcc/arm-none-eabi/6.3.1/thumb/v7e-m/crtn.o
                0x004091ac                . = ALIGN (0x4)
                0x004091ac                __preinit_array_start = .
 *(.preinit_array)
                0x004091ac                __preinit_array_end = .
                0x004091ac                . = ALIGN (0x4)
                0x004091ac                __init_array_start = .
 *(SORT(.init_array.*))
 .init_array.00000
                0x004091ac        0x4 c:/program files (x86)/atmel/studio/7.0/toolchain/arm/arm-gnu-toolchain/bin/../lib/gcc/arm-none-eabi/6.3.1/../../../../arm-none-eabi/lib/thumb/v7e-m\libc.a(lib_a-__call_atexit.o)
 *(.init_array)
 .init_array    0x004091b0        0x4 c:/program files (x86)/atmel/studio/7.0/toolchain/arm/arm-gnu-toolchain/bin/../lib/gcc/arm-none-eabi/6.3.1/thumb/v7e-m/crtbegin.o
                0x004091b4                __init_array_end = .
                0x004091b4                . = ALIGN (0x4)
 *crtbegin.o(.ctors)
 *(EXCLUDE_FILE(*crtend.o) .ctors)
 *(SORT(.ctors.*))
 *crtend.o(.ctors)
                0x004091b4                . = ALIGN (0x4)
 *(.fini)
 .fini          0x004091b4        0x4 c:/program files (x86)/atmel/studio/7.0/toolchain/arm/arm-gnu-toolchain/bin/../lib/gcc/arm-none-eabi/6.3.1/thumb/v7e-m/crti.o
                0x004091b4                _fini
 .fini          0x004091b8        0x8 c:/program files (x86)/atmel/studio/7.0/toolchain/arm/arm-gnu-toolchain/bin/../lib/gcc/arm-none-eabi/6.3.1/thumb/v7e-m/crtn.o
                0x004091c0                . = ALIGN (0x4)
                0x004091c0                __fini_array_start = .
 *(.fini_array)
 .fini_array    0x004091c0        0x4 c:/program files (x86)/atmel/studio/7.0/toolchain/arm/arm-gnu-toolchain/bin/../lib/gcc/arm-none-eabi/6.3.1/thumb/v7e-m/crtbegin.o
 *(SORT(.fini_array.*))
                0x004091c4                __fini_array_end = .
 *crtbegin.o(.dtors)
 *(EXCLUDE_FILE(*crtend.o) .dtors)
 *(SORT(.dtors.*))
 *crtend.o(.dtors)
                0x004091c4                . = ALIGN (0x4)
                0x004091c4                _efixed = .
                [!provide]                PROVIDE (__exidx_start, .)

.vfp11_veneer   0x004091c4        0x0
 .vfp11_veneer  0x004091c4        0x0 linker stubs

.v4_bx          0x004091c4        0x0
 .v4_bx         0x004091c4        0x0 linker stubs

.iplt           0x004091c4        0x0
 .iplt          0x004091c4        0x0 c:/program files (x86)/atmel/studio/7.0/toolchain/arm/arm-gnu-toolchain/bin/../lib/gcc/arm-none-eabi/6.3.1/thumb/v7e-m/crtbegin.o

.ARM.exidx      0x004091c4        0x8
 *(.ARM.exidx* .gnu.linkonce.armexidx.*)
 .ARM.exidx     0x004091c4        0x8 c:/program files (x86)/atmel/studio/7.0/toolchain/arm/arm-gnu-toolchain/bin/../lib/gcc/arm-none-eabi/6.3.1/thumb/v7e-m\libgcc.a(_udivmoddi4.o)
                [!provide]                PROVIDE (__exidx_end, .)

.eh_frame       0x004091cc        0x0
 .eh_frame      0x004091cc        0x0 c:/program files (x86)/atmel/studio/7.0/toolchain/arm/arm-gnu-toolchain/bin/../lib/gcc/arm-none-eabi/6.3.1/thumb/v7e-m/crtbegin.o

.rel.dyn        0x004091cc        0x0
 .rel.iplt      0x004091cc        0x0 c:/program files (x86)/atmel/studio/7.0/toolchain/arm/arm-gnu-toolchain/bin/../lib/gcc/arm-none-eabi/6.3.1/thumb/v7e-m/crtbegin.o

.jcr            0x004091cc        0x0
 .jcr           0x004091cc        0x0 c:/program files (x86)/atmel/studio/7.0/toolchain/arm/arm-gnu-toolchain/bin/../lib/gcc/arm-none-eabi/6.3.1/thumb/v7e-m/crtbegin.o

.igot.plt       0x004091cc        0x0
 .igot.plt      0x004091cc        0x0 c:/program files (x86)/atmel/studio/7.0/toolchain/arm/arm-gnu-toolchain/bin/../lib/gcc/arm-none-eabi/6.3.1/thumb/v7e-m/crtbegin.o
                0x004091cc                . = ALIGN (0x4)
                0x004091cc                _etext = .

.relocate       0x20000000      0x9c0 load address 0x004091cc
                0x20000000                . = ALIGN (0x4)
                0x20000000                _srelocate = .
 *(.ramfunc .ramfunc.*)
 .ramfunc       0x20000000        0xa src/ASF/common/services/delay/sam/cycle_counter.o
                0x20000000                portable_delay_cycles
 *(.data .data.*)
 *fill*         0x2000000a        0x2 
 .data.SystemCoreClock
                0x2000000c        0x4 src/ASF/sam/utils/cmsis/sam4s/source/templates/system_sam4s.o
                0x2000000c                SystemCoreClock
 .data._impure_ptr
                0x20000010        0x4 c:/program files (x86)/atmel/studio/7.0/toolchain/arm/arm-gnu-toolchain/bin/../lib/gcc/arm-none-eabi/6.3.1/../../../../arm-none-eabi/lib/thumb/v7e-m\libc.a(lib_a-impure.o)
                0x20000010                _impure_ptr
 *fill*         0x20000014        0x4 
 .data.impure_data
                0x20000018      0x428 c:/program files (x86)/atmel/studio/7.0/toolchain/arm/arm-gnu-toolchain/bin/../lib/gcc/arm-none-eabi/6.3.1/../../../../arm-none-eabi/lib/thumb/v7e-m\libc.a(lib_a-impure.o)
 .data.__atexit_recursive_mutex
                0x20000440        0x4 c:/program files (x86)/atmel/studio/7.0/toolchain/arm/arm-gnu-toolchain/bin/../lib/gcc/arm-none-eabi/6.3.1/../../../../arm-none-eabi/lib/thumb/v7e-m\libc.a(lib_a-__call_atexit.o)
                0x20000440                __atexit_recursive_mutex
 .data.__malloc_av_
                0x20000444      0x408 c:/program files (x86)/atmel/studio/7.0/toolchain/arm/arm-gnu-toolchain/bin/../lib/gcc/arm-none-eabi/6.3.1/../../../../arm-none-eabi/lib/thumb/v7e-m\libc.a(lib_a-mallocr.o)
                0x20000444                __malloc_av_
 .data.__malloc_sbrk_base
                0x2000084c        0x4 c:/program files (x86)/atmel/studio/7.0/toolchain/arm/arm-gnu-toolchain/bin/../lib/gcc/arm-none-eabi/6.3.1/../../../../arm-none-eabi/lib/thumb/v7e-m\libc.a(lib_a-mallocr.o)
                0x2000084c                __malloc_sbrk_base
 .data.__malloc_trim_threshold
                0x20000850        0x4 c:/program files (x86)/atmel/studio/7.0/toolchain/arm/arm-gnu-toolchain/bin/../lib/gcc/arm-none-eabi/6.3.1/../../../../arm-none-eabi/lib/thumb/v7e-m\libc.a(lib_a-mallocr.o)
                0x20000850                __malloc_trim_threshold
 .data.__global_locale
                0x20000854      0x16c c:/program files (x86)/atmel/studio/7.0/toolchain/arm/arm-gnu-toolchain/bin/../lib/gcc/arm-none-eabi/6.3.1/../../../../arm-none-eabi/lib/thumb/v7e-m\libc.a(lib_a-locale.o)
                0x20000854                __global_locale
                0x200009c0                . = ALIGN (0x4)
                0x200009c0                _erelocate = .

.bss            0x200009c0    0x18bb4 load address 0x00409b8c
                0x200009c0                . = ALIGN (0x4)
                0x200009c0                _sbss = .
                0x200009c0                _szero = .
 *(.bss .bss.*)
 .bss           0x200009c0       0x1c c:/program files (x86)/atmel/studio/7.0/toolchain/arm/arm-gnu-toolchain/bin/../lib/gcc/arm-none-eabi/6.3.1/thumb/v7e-m/crtbegin.o
 .bss.gs_interrupt_sources
                0x200009dc       0x70 src/ASF/sam/drivers/pio/pio_handler.o
 .bss.gs_ul_nb_sources
                0x20000a4c        0x4 src/ASF/sam/drivers/pio/pio_handler.o
 .bss.pio_capture_handler
                0x20000a50        0x4 src/ASF/sam/drivers/pio/pio_handler.o
 .bss.ul_reg_val.7462
                0x20000a54        0x4 src/ASF/sam/drivers/usart/usart.o
 .bss.g_ul_vsync_flag
                0x20000a58        0x4 src/camera.o
                0x20000a58                g_ul_vsync_flag
 .bss.received_byte_wifi
                0x20000a5c        0x4 src/wifi.o
                0x20000a5c                received_byte_wifi
 .bss.input_pos_wifi
                0x20000a60        0x4 src/wifi.o
                0x20000a60                input_pos_wifi
 .bss.wifi_comm_success
                0x20000a64        0x1 src/wifi.o
                0x20000a64                wifi_comm_success
 .bss.new_rx_wifi
                0x20000a65        0x1 src/wifi.o
                0x20000a65                new_rx_wifi
 *fill*         0x20000a66        0x2 
 .bss.web_setup_flag
                0x20000a68        0x4 src/wifi.o
                0x20000a68                web_setup_flag
 .bss.image_transfer_flag
                0x20000a6c        0x1 src/wifi.o
                0x20000a6c                image_transfer_flag
 .bss.wifi_websocket_flag
                0x20000a6d        0x1 src/wifi.o
                0x20000a6d                wifi_websocket_flag
 .bss.wifi_status
                0x20000a6e        0x1 src/wifi.o
                0x20000a6e                wifi_status
 *fill*         0x20000a6f        0x1 
 .bss.ul_sysclk.8730
                0x20000a70        0x4 src/wifi.o
 .bss.heap.5297
                0x20000a74        0x4 src/ASF/sam/utils/syscalls/gcc/syscalls.o
 .bss.__malloc_current_mallinfo
                0x20000a78       0x28 c:/program files (x86)/atmel/studio/7.0/toolchain/arm/arm-gnu-toolchain/bin/../lib/gcc/arm-none-eabi/6.3.1/../../../../arm-none-eabi/lib/thumb/v7e-m\libc.a(lib_a-mallocr.o)
                0x20000a78                __malloc_current_mallinfo
 .bss.__malloc_max_sbrked_mem
                0x20000aa0        0x4 c:/program files (x86)/atmel/studio/7.0/toolchain/arm/arm-gnu-toolchain/bin/../lib/gcc/arm-none-eabi/6.3.1/../../../../arm-none-eabi/lib/thumb/v7e-m\libc.a(lib_a-mallocr.o)
                0x20000aa0                __malloc_max_sbrked_mem
 .bss.__malloc_max_total_mem
                0x20000aa4        0x4 c:/program files (x86)/atmel/studio/7.0/toolchain/arm/arm-gnu-toolchain/bin/../lib/gcc/arm-none-eabi/6.3.1/../../../../arm-none-eabi/lib/thumb/v7e-m\libc.a(lib_a-mallocr.o)
                0x20000aa4                __malloc_max_total_mem
 .bss.__malloc_top_pad
                0x20000aa8        0x4 c:/program files (x86)/atmel/studio/7.0/toolchain/arm/arm-gnu-toolchain/bin/../lib/gcc/arm-none-eabi/6.3.1/../../../../arm-none-eabi/lib/thumb/v7e-m\libc.a(lib_a-mallocr.o)
                0x20000aa8                __malloc_top_pad
 *(COMMON)
 COMMON         0x20000aac        0x4 src/ASF/sam/drivers/pio/pio.o
                0x20000aac                pio_capture_enable_flag
 COMMON         0x20000ab0    0x186a8 src/camera.o
                0x20000ab0                start_point
                0x20000ab4                end_point
                0x20000ab8                image_buffer
 COMMON         0x20019158        0x1 src/timer_interface.o
                0x20019158                counts
 *fill*         0x20019159        0x3 
 COMMON         0x2001915c      0x3ed src/wifi.o
                0x2001915c                input_line_wifi
                0x20019544                img_length
                0x20019548                image_available
 *fill*         0x20019549        0x3 
 COMMON         0x2001954c       0x21 c:/program files (x86)/atmel/studio/7.0/toolchain/arm/arm-gnu-toolchain/bin/../lib/gcc/arm-none-eabi/6.3.1/../../../../arm-none-eabi/lib/thumb/v7e-m\libc.a(lib_a-lock.o)
                0x2001954c                __lock___atexit_recursive_mutex
                0x20019550                __lock___arc4random_mutex
                0x20019554                __lock___env_recursive_mutex
                0x20019558                __lock___sinit_recursive_mutex
                0x2001955c                __lock___malloc_recursive_mutex
                0x20019560                __lock___at_quick_exit_mutex
                0x20019564                __lock___dd_hash_mutex
                0x20019568                __lock___tz_mutex
                0x2001956c                __lock___sfp_recursive_mutex
 *fill*         0x2001956d        0x3 
 COMMON         0x20019570        0x4 c:/program files (x86)/atmel/studio/7.0/toolchain/arm/arm-gnu-toolchain/bin/../lib/gcc/arm-none-eabi/6.3.1/../../../../arm-none-eabi/lib/thumb/v7e-m\libc.a(lib_a-reent.o)
                0x20019570                errno
                0x20019574                . = ALIGN (0x4)
                0x20019574                _ebss = .
                0x20019574                _ezero = .

.stack          0x20019574     0x3004 load address 0x00422740
                0x20019578                . = ALIGN (0x8)
 *fill*         0x20019574        0x4 
                0x20019578                _sstack = .
                0x2001c578                . = (. + __stack_size__)
 *fill*         0x20019578     0x3000 
                0x2001c578                . = ALIGN (0x8)
                0x2001c578                _estack = .
                0x2001c578                . = ALIGN (0x4)
                0x2001c578                _end = .
OUTPUT(wifi_firmware.elf elf32-littlearm)

.ARM.attributes
                0x00000000       0x2a
 .ARM.attributes
                0x00000000       0x1e c:/program files (x86)/atmel/studio/7.0/toolchain/arm/arm-gnu-toolchain/bin/../lib/gcc/arm-none-eabi/6.3.1/thumb/v7e-m/crti.o
 .ARM.attributes
                0x0000001e       0x2e c:/program files (x86)/atmel/studio/7.0/toolchain/arm/arm-gnu-toolchain/bin/../lib/gcc/arm-none-eabi/6.3.1/thumb/v7e-m/crtbegin.o
 .ARM.attributes
                0x0000004c       0x33 src/ASF/common/services/clock/sam4s/sysclk.o
 .ARM.attributes
                0x0000007f       0x33 src/ASF/common/services/delay/sam/cycle_counter.o
 .ARM.attributes
                0x000000b2       0x33 src/ASF/sam/drivers/pio/pio.o
 .ARM.attributes
                0x000000e5       0x33 src/ASF/sam/drivers/pio/pio_handler.o
 .ARM.attributes
                0x00000118       0x33 src/ASF/sam/drivers/pmc/pmc.o
 .ARM.attributes
                0x0000014b       0x33 src/ASF/sam/drivers/tc/tc.o
 .ARM.attributes
                0x0000017e       0x33 src/ASF/sam/drivers/twi/twi.o
 .ARM.attributes
                0x000001b1       0x33 src/ASF/sam/drivers/usart/usart.o
 .ARM.attributes
                0x000001e4       0x33 src/ASF/sam/drivers/wdt/wdt.o
 .ARM.attributes
                0x00000217       0x33 src/camera.o
 .ARM.attributes
                0x0000024a       0x33 src/ov2640.o
 .ARM.attributes
                0x0000027d       0x33 src/ov2640_table_registers.o
 .ARM.attributes
                0x000002b0       0x33 src/timer_interface.o
 .ARM.attributes
                0x000002e3       0x33 src/wifi.o
 .ARM.attributes
                0x00000316       0x33 src/ASF/common/boards/user_board/init.o
 .ARM.attributes
                0x00000349       0x33 src/ASF/sam/utils/cmsis/sam4s/source/templates/gcc/startup_sam4s.o
 .ARM.attributes
                0x0000037c       0x33 src/ASF/sam/utils/cmsis/sam4s/source/templates/system_sam4s.o
 .ARM.attributes
                0x000003af       0x33 src/ASF/sam/utils/syscalls/gcc/syscalls.o
 .ARM.attributes
                0x000003e2       0x33 src/main.o
 .ARM.attributes
                0x00000415       0x1e c:/program files (x86)/atmel/studio/7.0/toolchain/arm/arm-gnu-toolchain/bin/../lib/gcc/arm-none-eabi/6.3.1/thumb/v7e-m\libgcc.a(_aeabi_uldivmod.o)
 .ARM.attributes
                0x00000433       0x2e c:/program files (x86)/atmel/studio/7.0/toolchain/arm/arm-gnu-toolchain/bin/../lib/gcc/arm-none-eabi/6.3.1/thumb/v7e-m\libgcc.a(_udivmoddi4.o)
 .ARM.attributes
                0x00000461       0x1e c:/program files (x86)/atmel/studio/7.0/toolchain/arm/arm-gnu-toolchain/bin/../lib/gcc/arm-none-eabi/6.3.1/thumb/v7e-m\libgcc.a(_dvmd_tls.o)
 .ARM.attributes
                0x0000047f       0x2e c:/program files (x86)/atmel/studio/7.0/toolchain/arm/arm-gnu-toolchain/bin/../lib/gcc/arm-none-eabi/6.3.1/../../../../arm-none-eabi/lib/thumb/v7e-m\libc.a(lib_a-impure.o)
 .ARM.attributes
                0x000004ad       0x2e c:/program files (x86)/atmel/studio/7.0/toolchain/arm/arm-gnu-toolchain/bin/../lib/gcc/arm-none-eabi/6.3.1/../../../../arm-none-eabi/lib/thumb/v7e-m\libc.a(lib_a-init.o)
 .ARM.attributes
                0x000004db       0x2e c:/program files (x86)/atmel/studio/7.0/toolchain/arm/arm-gnu-toolchain/bin/../lib/gcc/arm-none-eabi/6.3.1/../../../../arm-none-eabi/lib/thumb/v7e-m\libc.a(lib_a-memset.o)
 .ARM.attributes
                0x00000509       0x2e c:/program files (x86)/atmel/studio/7.0/toolchain/arm/arm-gnu-toolchain/bin/../lib/gcc/arm-none-eabi/6.3.1/../../../../arm-none-eabi/lib/thumb/v7e-m\libc.a(lib_a-sprintf.o)
 .ARM.attributes
                0x00000537       0x2e c:/program files (x86)/atmel/studio/7.0/toolchain/arm/arm-gnu-toolchain/bin/../lib/gcc/arm-none-eabi/6.3.1/../../../../arm-none-eabi/lib/thumb/v7e-m\libc.a(lib_a-strchr.o)
 .ARM.attributes
                0x00000565       0x2e c:/program files (x86)/atmel/studio/7.0/toolchain/arm/arm-gnu-toolchain/bin/../lib/gcc/arm-none-eabi/6.3.1/../../../../arm-none-eabi/lib/thumb/v7e-m\libc.a(lib_a-strstr.o)
 .ARM.attributes
                0x00000593       0x2e c:/program files (x86)/atmel/studio/7.0/toolchain/arm/arm-gnu-toolchain/bin/../lib/gcc/arm-none-eabi/6.3.1/../../../../arm-none-eabi/lib/thumb/v7e-m\libc.a(lib_a-svfprintf.o)
 .ARM.attributes
                0x000005c1       0x2e c:/program files (x86)/atmel/studio/7.0/toolchain/arm/arm-gnu-toolchain/bin/../lib/gcc/arm-none-eabi/6.3.1/../../../../arm-none-eabi/lib/thumb/v7e-m\libc.a(lib_a-__call_atexit.o)
 .ARM.attributes
                0x000005ef       0x2e c:/program files (x86)/atmel/studio/7.0/toolchain/arm/arm-gnu-toolchain/bin/../lib/gcc/arm-none-eabi/6.3.1/../../../../arm-none-eabi/lib/thumb/v7e-m\libc.a(lib_a-atexit.o)
 .ARM.attributes
                0x0000061d       0x2e c:/program files (x86)/atmel/studio/7.0/toolchain/arm/arm-gnu-toolchain/bin/../lib/gcc/arm-none-eabi/6.3.1/../../../../arm-none-eabi/lib/thumb/v7e-m\libc.a(lib_a-dtoa.o)
 .ARM.attributes
                0x0000064b       0x2e c:/program files (x86)/atmel/studio/7.0/toolchain/arm/arm-gnu-toolchain/bin/../lib/gcc/arm-none-eabi/6.3.1/../../../../arm-none-eabi/lib/thumb/v7e-m\libc.a(lib_a-fini.o)
 .ARM.attributes
                0x00000679       0x2e c:/program files (x86)/atmel/studio/7.0/toolchain/arm/arm-gnu-toolchain/bin/../lib/gcc/arm-none-eabi/6.3.1/../../../../arm-none-eabi/lib/thumb/v7e-m\libc.a(lib_a-localeconv.o)
 .ARM.attributes
                0x000006a7       0x2e c:/program files (x86)/atmel/studio/7.0/toolchain/arm/arm-gnu-toolchain/bin/../lib/gcc/arm-none-eabi/6.3.1/../../../../arm-none-eabi/lib/thumb/v7e-m\libc.a(lib_a-lock.o)
 .ARM.attributes
                0x000006d5       0x2e c:/program files (x86)/atmel/studio/7.0/toolchain/arm/arm-gnu-toolchain/bin/../lib/gcc/arm-none-eabi/6.3.1/../../../../arm-none-eabi/lib/thumb/v7e-m\libc.a(lib_a-mallocr.o)
 .ARM.attributes
                0x00000703       0x1c c:/program files (x86)/atmel/studio/7.0/toolchain/arm/arm-gnu-toolchain/bin/../lib/gcc/arm-none-eabi/6.3.1/../../../../arm-none-eabi/lib/thumb/v7e-m\libc.a(lib_a-memchr.o)
 .ARM.attributes
                0x0000071f       0x2e c:/program files (x86)/atmel/studio/7.0/toolchain/arm/arm-gnu-toolchain/bin/../lib/gcc/arm-none-eabi/6.3.1/../../../../arm-none-eabi/lib/thumb/v7e-m\libc.a(lib_a-memcmp.o)
 .ARM.attributes
                0x0000074d       0x1c c:/program files (x86)/atmel/studio/7.0/toolchain/arm/arm-gnu-toolchain/bin/../lib/gcc/arm-none-eabi/6.3.1/../../../../arm-none-eabi/lib/thumb/v7e-m\libc.a(lib_a-memcpy.o)
 .ARM.attributes
                0x00000769       0x2e c:/program files (x86)/atmel/studio/7.0/toolchain/arm/arm-gnu-toolchain/bin/../lib/gcc/arm-none-eabi/6.3.1/../../../../arm-none-eabi/lib/thumb/v7e-m\libc.a(lib_a-mlock.o)
 .ARM.attributes
                0x00000797       0x2e c:/program files (x86)/atmel/studio/7.0/toolchain/arm/arm-gnu-toolchain/bin/../lib/gcc/arm-none-eabi/6.3.1/../../../../arm-none-eabi/lib/thumb/v7e-m\libc.a(lib_a-mprec.o)
 .ARM.attributes
                0x000007c5       0x2e c:/program files (x86)/atmel/studio/7.0/toolchain/arm/arm-gnu-toolchain/bin/../lib/gcc/arm-none-eabi/6.3.1/../../../../arm-none-eabi/lib/thumb/v7e-m\libc.a(lib_a-sbrkr.o)
 .ARM.attributes
                0x000007f3       0x1c c:/program files (x86)/atmel/studio/7.0/toolchain/arm/arm-gnu-toolchain/bin/../lib/gcc/arm-none-eabi/6.3.1/../../../../arm-none-eabi/lib/thumb/v7e-m\libc.a(lib_a-strlen.o)
 .ARM.attributes
                0x0000080f       0x2e c:/program files (x86)/atmel/studio/7.0/toolchain/arm/arm-gnu-toolchain/bin/../lib/gcc/arm-none-eabi/6.3.1/../../../../arm-none-eabi/lib/thumb/v7e-m\libc.a(lib_a-svfiprintf.o)
 .ARM.attributes
                0x0000083d       0x2e c:/program files (x86)/atmel/studio/7.0/toolchain/arm/arm-gnu-toolchain/bin/../lib/gcc/arm-none-eabi/6.3.1/../../../../arm-none-eabi/lib/thumb/v7e-m\libc.a(lib_a-__atexit.o)
 .ARM.attributes
                0x0000086b       0x2e c:/program files (x86)/atmel/studio/7.0/toolchain/arm/arm-gnu-toolchain/bin/../lib/gcc/arm-none-eabi/6.3.1/../../../../arm-none-eabi/lib/thumb/v7e-m\libc.a(lib_a-callocr.o)
 .ARM.attributes
                0x00000899       0x2e c:/program files (x86)/atmel/studio/7.0/toolchain/arm/arm-gnu-toolchain/bin/../lib/gcc/arm-none-eabi/6.3.1/../../../../arm-none-eabi/lib/thumb/v7e-m\libc.a(lib_a-freer.o)
 .ARM.attributes
                0x000008c7       0x2e c:/program files (x86)/atmel/studio/7.0/toolchain/arm/arm-gnu-toolchain/bin/../lib/gcc/arm-none-eabi/6.3.1/../../../../arm-none-eabi/lib/thumb/v7e-m\libc.a(lib_a-locale.o)
 .ARM.attributes
                0x000008f5       0x2e c:/program files (x86)/atmel/studio/7.0/toolchain/arm/arm-gnu-toolchain/bin/../lib/gcc/arm-none-eabi/6.3.1/../../../../arm-none-eabi/lib/thumb/v7e-m\libc.a(lib_a-mbtowc_r.o)
 .ARM.attributes
                0x00000923       0x2e c:/program files (x86)/atmel/studio/7.0/toolchain/arm/arm-gnu-toolchain/bin/../lib/gcc/arm-none-eabi/6.3.1/../../../../arm-none-eabi/lib/thumb/v7e-m\libc.a(lib_a-memmove.o)
 .ARM.attributes
                0x00000951       0x2e c:/program files (x86)/atmel/studio/7.0/toolchain/arm/arm-gnu-toolchain/bin/../lib/gcc/arm-none-eabi/6.3.1/../../../../arm-none-eabi/lib/thumb/v7e-m\libc.a(lib_a-reallocr.o)
 .ARM.attributes
                0x0000097f       0x2e c:/program files (x86)/atmel/studio/7.0/toolchain/arm/arm-gnu-toolchain/bin/../lib/gcc/arm-none-eabi/6.3.1/../../../../arm-none-eabi/lib/thumb/v7e-m\libc.a(lib_a-reent.o)
 .ARM.attributes
                0x000009ad       0x2e c:/program files (x86)/atmel/studio/7.0/toolchain/arm/arm-gnu-toolchain/bin/../lib/gcc/arm-none-eabi/6.3.1/../../../../arm-none-eabi/lib/thumb/v7e-m\libc.a(lib_a-wctomb_r.o)
 .ARM.attributes
                0x000009db       0x2e c:/program files (x86)/atmel/studio/7.0/toolchain/arm/arm-gnu-toolchain/bin/../lib/gcc/arm-none-eabi/6.3.1/../../../../arm-none-eabi/lib/thumb/v7e-m\libc.a(lib_a-ctype_.o)
 .ARM.attributes
                0x00000a09       0x1e c:/program files (x86)/atmel/studio/7.0/toolchain/arm/arm-gnu-toolchain/bin/../lib/gcc/arm-none-eabi/6.3.1/thumb/v7e-m\libgcc.a(_arm_addsubdf3.o)
 .ARM.attributes
                0x00000a27       0x1e c:/program files (x86)/atmel/studio/7.0/toolchain/arm/arm-gnu-toolchain/bin/../lib/gcc/arm-none-eabi/6.3.1/thumb/v7e-m\libgcc.a(_arm_muldivdf3.o)
 .ARM.attributes
                0x00000a45       0x1e c:/program files (x86)/atmel/studio/7.0/toolchain/arm/arm-gnu-toolchain/bin/../lib/gcc/arm-none-eabi/6.3.1/thumb/v7e-m\libgcc.a(_arm_cmpdf2.o)
 .ARM.attributes
                0x00000a63       0x1e c:/program files (x86)/atmel/studio/7.0/toolchain/arm/arm-gnu-toolchain/bin/../lib/gcc/arm-none-eabi/6.3.1/thumb/v7e-m\libgcc.a(_arm_unorddf2.o)
 .ARM.attributes
                0x00000a81       0x1e c:/program files (x86)/atmel/studio/7.0/toolchain/arm/arm-gnu-toolchain/bin/../lib/gcc/arm-none-eabi/6.3.1/thumb/v7e-m\libgcc.a(_arm_fixdfsi.o)
 .ARM.attributes
                0x00000a9f       0x1e c:/program files (x86)/atmel/studio/7.0/toolchain/arm/arm-gnu-toolchain/bin/../lib/gcc/arm-none-eabi/6.3.1/thumb/v7e-m/crtn.o

.comment        0x00000000       0x59
 .comment       0x00000000       0x59 src/ASF/common/services/clock/sam4s/sysclk.o
                                 0x5a (size before relaxing)
 .comment       0x00000059       0x5a src/ASF/common/services/delay/sam/cycle_counter.o
 .comment       0x00000059       0x5a src/ASF/sam/drivers/pio/pio.o
 .comment       0x00000059       0x5a src/ASF/sam/drivers/pio/pio_handler.o
 .comment       0x00000059       0x5a src/ASF/sam/drivers/pmc/pmc.o
 .comment       0x00000059       0x5a src/ASF/sam/drivers/tc/tc.o
 .comment       0x00000059       0x5a src/ASF/sam/drivers/twi/twi.o
 .comment       0x00000059       0x5a src/ASF/sam/drivers/usart/usart.o
 .comment       0x00000059       0x5a src/ASF/sam/drivers/wdt/wdt.o
 .comment       0x00000059       0x5a src/camera.o
 .comment       0x00000059       0x5a src/ov2640.o
 .comment       0x00000059       0x5a src/ov2640_table_registers.o
 .comment       0x00000059       0x5a src/timer_interface.o
 .comment       0x00000059       0x5a src/wifi.o
 .comment       0x00000059       0x5a src/ASF/common/boards/user_board/init.o
 .comment       0x00000059       0x5a src/ASF/sam/utils/cmsis/sam4s/source/templates/gcc/startup_sam4s.o
 .comment       0x00000059       0x5a src/ASF/sam/utils/cmsis/sam4s/source/templates/system_sam4s.o
 .comment       0x00000059       0x5a src/ASF/sam/utils/syscalls/gcc/syscalls.o
 .comment       0x00000059       0x5a src/main.o

.debug_info     0x00000000    0x17470
 .debug_info    0x00000000     0x126e src/ASF/common/services/clock/sam4s/sysclk.o
 .debug_info    0x0000126e      0xa45 src/ASF/common/services/delay/sam/cycle_counter.o
 .debug_info    0x00001cb3     0x1d8d src/ASF/sam/drivers/pio/pio.o
 .debug_info    0x00003a40     0x17aa src/ASF/sam/drivers/pio/pio_handler.o
 .debug_info    0x000051ea     0x1a0e src/ASF/sam/drivers/pmc/pmc.o
 .debug_info    0x00006bf8     0x1252 src/ASF/sam/drivers/tc/tc.o
 .debug_info    0x00007e4a     0x137a src/ASF/sam/drivers/twi/twi.o
 .debug_info    0x000091c4     0x1e90 src/ASF/sam/drivers/usart/usart.o
 .debug_info    0x0000b054      0xbe3 src/ASF/sam/drivers/wdt/wdt.o
 .debug_info    0x0000bc37     0x1e83 src/camera.o
 .debug_info    0x0000daba     0x1b08 src/ov2640.o
 .debug_info    0x0000f5c2      0xc72 src/ov2640_table_registers.o
 .debug_info    0x00010234     0x10b3 src/timer_interface.o
 .debug_info    0x000112e7     0x1be2 src/wifi.o
 .debug_info    0x00012ec9     0x150b src/ASF/common/boards/user_board/init.o
 .debug_info    0x000143d4      0x6e9 src/ASF/sam/utils/cmsis/sam4s/source/templates/gcc/startup_sam4s.o
 .debug_info    0x00014abd      0x45c src/ASF/sam/utils/cmsis/sam4s/source/templates/system_sam4s.o
 .debug_info    0x00014f19      0xdbc src/ASF/sam/utils/syscalls/gcc/syscalls.o
 .debug_info    0x00015cd5     0x179b src/main.o

.debug_abbrev   0x00000000     0x2efc
 .debug_abbrev  0x00000000      0x2aa src/ASF/common/services/clock/sam4s/sysclk.o
 .debug_abbrev  0x000002aa      0x1b3 src/ASF/common/services/delay/sam/cycle_counter.o
 .debug_abbrev  0x0000045d      0x296 src/ASF/sam/drivers/pio/pio.o
 .debug_abbrev  0x000006f3      0x2c9 src/ASF/sam/drivers/pio/pio_handler.o
 .debug_abbrev  0x000009bc      0x2b8 src/ASF/sam/drivers/pmc/pmc.o
 .debug_abbrev  0x00000c74      0x24a src/ASF/sam/drivers/tc/tc.o
 .debug_abbrev  0x00000ebe      0x28f src/ASF/sam/drivers/twi/twi.o
 .debug_abbrev  0x0000114d      0x2c1 src/ASF/sam/drivers/usart/usart.o
 .debug_abbrev  0x0000140e      0x207 src/ASF/sam/drivers/wdt/wdt.o
 .debug_abbrev  0x00001615      0x324 src/camera.o
 .debug_abbrev  0x00001939      0x333 src/ov2640.o
 .debug_abbrev  0x00001c6c      0x1b4 src/ov2640_table_registers.o
 .debug_abbrev  0x00001e20      0x298 src/timer_interface.o
 .debug_abbrev  0x000020b8      0x32f src/wifi.o
 .debug_abbrev  0x000023e7      0x352 src/ASF/common/boards/user_board/init.o
 .debug_abbrev  0x00002739      0x17c src/ASF/sam/utils/cmsis/sam4s/source/templates/gcc/startup_sam4s.o
 .debug_abbrev  0x000028b5      0x102 src/ASF/sam/utils/cmsis/sam4s/source/templates/system_sam4s.o
 .debug_abbrev  0x000029b7      0x22a src/ASF/sam/utils/syscalls/gcc/syscalls.o
 .debug_abbrev  0x00002be1      0x31b src/main.o

.debug_loc      0x00000000     0x6fa2
 .debug_loc     0x00000000      0x4a0 src/ASF/common/services/clock/sam4s/sysclk.o
 .debug_loc     0x000004a0     0x1174 src/ASF/sam/drivers/pio/pio.o
 .debug_loc     0x00001614      0x364 src/ASF/sam/drivers/pio/pio_handler.o
 .debug_loc     0x00001978     0x1468 src/ASF/sam/drivers/pmc/pmc.o
 .debug_loc     0x00002de0      0x844 src/ASF/sam/drivers/tc/tc.o
 .debug_loc     0x00003624      0x7ac src/ASF/sam/drivers/twi/twi.o
 .debug_loc     0x00003dd0     0x17d4 src/ASF/sam/drivers/usart/usart.o
 .debug_loc     0x000055a4      0x228 src/ASF/sam/drivers/wdt/wdt.o
 .debug_loc     0x000057cc      0x4d0 src/camera.o
 .debug_loc     0x00005c9c      0x5c4 src/ov2640.o
 .debug_loc     0x00006260      0x1b0 src/timer_interface.o
 .debug_loc     0x00006410      0x4a2 src/wifi.o
 .debug_loc     0x000068b2      0x160 src/ASF/common/boards/user_board/init.o
 .debug_loc     0x00006a12       0x64 src/ASF/sam/utils/cmsis/sam4s/source/templates/gcc/startup_sam4s.o
 .debug_loc     0x00006a76       0xe4 src/ASF/sam/utils/cmsis/sam4s/source/templates/system_sam4s.o
 .debug_loc     0x00006b5a      0x300 src/ASF/sam/utils/syscalls/gcc/syscalls.o
 .debug_loc     0x00006e5a      0x148 src/main.o

.debug_aranges  0x00000000      0xc68
 .debug_aranges
                0x00000000       0x98 src/ASF/common/services/clock/sam4s/sysclk.o
 .debug_aranges
                0x00000098       0x20 src/ASF/common/services/delay/sam/cycle_counter.o
 .debug_aranges
                0x000000b8      0x1a8 src/ASF/sam/drivers/pio/pio.o
 .debug_aranges
                0x00000260       0x70 src/ASF/sam/drivers/pio/pio_handler.o
 .debug_aranges
                0x000002d0      0x208 src/ASF/sam/drivers/pmc/pmc.o
 .debug_aranges
                0x000004d8       0xd0 src/ASF/sam/drivers/tc/tc.o
 .debug_aranges
                0x000005a8       0xc8 src/ASF/sam/drivers/twi/twi.o
 .debug_aranges
                0x00000670      0x238 src/ASF/sam/drivers/usart/usart.o
 .debug_aranges
                0x000008a8       0x48 src/ASF/sam/drivers/wdt/wdt.o
 .debug_aranges
                0x000008f0       0x98 src/camera.o
 .debug_aranges
                0x00000988       0xb0 src/ov2640.o
 .debug_aranges
                0x00000a38       0x18 src/ov2640_table_registers.o
 .debug_aranges
                0x00000a50       0x48 src/timer_interface.o
 .debug_aranges
                0x00000a98       0x98 src/wifi.o
 .debug_aranges
                0x00000b30       0x40 src/ASF/common/boards/user_board/init.o
 .debug_aranges
                0x00000b70       0x28 src/ASF/sam/utils/cmsis/sam4s/source/templates/gcc/startup_sam4s.o
 .debug_aranges
                0x00000b98       0x30 src/ASF/sam/utils/cmsis/sam4s/source/templates/system_sam4s.o
 .debug_aranges
                0x00000bc8       0x60 src/ASF/sam/utils/syscalls/gcc/syscalls.o
 .debug_aranges
                0x00000c28       0x40 src/main.o

.debug_ranges   0x00000000      0xb48
 .debug_ranges  0x00000000       0x88 src/ASF/common/services/clock/sam4s/sysclk.o
 .debug_ranges  0x00000088       0x10 src/ASF/common/services/delay/sam/cycle_counter.o
 .debug_ranges  0x00000098      0x198 src/ASF/sam/drivers/pio/pio.o
 .debug_ranges  0x00000230       0x60 src/ASF/sam/drivers/pio/pio_handler.o
 .debug_ranges  0x00000290      0x1f8 src/ASF/sam/drivers/pmc/pmc.o
 .debug_ranges  0x00000488       0xc0 src/ASF/sam/drivers/tc/tc.o
 .debug_ranges  0x00000548       0xb8 src/ASF/sam/drivers/twi/twi.o
 .debug_ranges  0x00000600      0x228 src/ASF/sam/drivers/usart/usart.o
 .debug_ranges  0x00000828       0x38 src/ASF/sam/drivers/wdt/wdt.o
 .debug_ranges  0x00000860       0x88 src/camera.o
 .debug_ranges  0x000008e8       0xa0 src/ov2640.o
 .debug_ranges  0x00000988       0x38 src/timer_interface.o
 .debug_ranges  0x000009c0       0x88 src/wifi.o
 .debug_ranges  0x00000a48       0x48 src/ASF/common/boards/user_board/init.o
 .debug_ranges  0x00000a90       0x18 src/ASF/sam/utils/cmsis/sam4s/source/templates/gcc/startup_sam4s.o
 .debug_ranges  0x00000aa8       0x20 src/ASF/sam/utils/cmsis/sam4s/source/templates/system_sam4s.o
 .debug_ranges  0x00000ac8       0x50 src/ASF/sam/utils/syscalls/gcc/syscalls.o
 .debug_ranges  0x00000b18       0x30 src/main.o

.debug_macro    0x00000000    0x15009
 .debug_macro   0x00000000      0x558 src/ASF/common/services/clock/sam4s/sysclk.o
 .debug_macro   0x00000558      0x8c8 src/ASF/common/services/clock/sam4s/sysclk.o
 .debug_macro   0x00000e20      0x6d7 src/ASF/common/services/clock/sam4s/sysclk.o
 .debug_macro   0x000014f7       0x46 src/ASF/common/services/clock/sam4s/sysclk.o
 .debug_macro   0x0000153d      0x16d src/ASF/common/services/clock/sam4s/sysclk.o
 .debug_macro   0x000016aa       0x76 src/ASF/common/services/clock/sam4s/sysclk.o
 .debug_macro   0x00001720       0x16 src/ASF/common/services/clock/sam4s/sysclk.o
 .debug_macro   0x00001736      0x6da src/ASF/common/services/clock/sam4s/sysclk.o
 .debug_macro   0x00001e10       0x22 src/ASF/common/services/clock/sam4s/sysclk.o
 .debug_macro   0x00001e32       0x87 src/ASF/common/services/clock/sam4s/sysclk.o
 .debug_macro   0x00001eb9       0x51 src/ASF/common/services/clock/sam4s/sysclk.o
 .debug_macro   0x00001f0a       0xef src/ASF/common/services/clock/sam4s/sysclk.o
 .debug_macro   0x00001ff9       0x6a src/ASF/common/services/clock/sam4s/sysclk.o
 .debug_macro   0x00002063      0x1df src/ASF/common/services/clock/sam4s/sysclk.o
 .debug_macro   0x00002242       0x27 src/ASF/common/services/clock/sam4s/sysclk.o
 .debug_macro   0x00002269       0x3b src/ASF/common/services/clock/sam4s/sysclk.o
 .debug_macro   0x000022a4       0x2d src/ASF/common/services/clock/sam4s/sysclk.o
 .debug_macro   0x000022d1       0x26 src/ASF/common/services/clock/sam4s/sysclk.o
 .debug_macro   0x000022f7      0xbbf src/ASF/common/services/clock/sam4s/sysclk.o
 .debug_macro   0x00002eb6      0x154 src/ASF/common/services/clock/sam4s/sysclk.o
 .debug_macro   0x0000300a      0xaa5 src/ASF/common/services/clock/sam4s/sysclk.o
 .debug_macro   0x00003aaf      0x1b4 src/ASF/common/services/clock/sam4s/sysclk.o
 .debug_macro   0x00003c63       0xac src/ASF/common/services/clock/sam4s/sysclk.o
 .debug_macro   0x00003d0f      0x3f7 src/ASF/common/services/clock/sam4s/sysclk.o
 .debug_macro   0x00004106      0x106 src/ASF/common/services/clock/sam4s/sysclk.o
 .debug_macro   0x0000420c       0x1c src/ASF/common/services/clock/sam4s/sysclk.o
 .debug_macro   0x00004228      0x72f src/ASF/common/services/clock/sam4s/sysclk.o
 .debug_macro   0x00004957      0x2c9 src/ASF/common/services/clock/sam4s/sysclk.o
 .debug_macro   0x00004c20       0xbe src/ASF/common/services/clock/sam4s/sysclk.o
 .debug_macro   0x00004cde     0x2807 src/ASF/common/services/clock/sam4s/sysclk.o
 .debug_macro   0x000074e5      0x76e src/ASF/common/services/clock/sam4s/sysclk.o
 .debug_macro   0x00007c53      0xa84 src/ASF/common/services/clock/sam4s/sysclk.o
 .debug_macro   0x000086d7       0x9a src/ASF/common/services/clock/sam4s/sysclk.o
 .debug_macro   0x00008771      0x3cf src/ASF/common/services/clock/sam4s/sysclk.o
 .debug_macro   0x00008b40       0x64 src/ASF/common/services/clock/sam4s/sysclk.o
 .debug_macro   0x00008ba4      0x37c src/ASF/common/services/clock/sam4s/sysclk.o
 .debug_macro   0x00008f20      0x61b src/ASF/common/services/clock/sam4s/sysclk.o
 .debug_macro   0x0000953b      0x686 src/ASF/common/services/clock/sam4s/sysclk.o
 .debug_macro   0x00009bc1      0x595 src/ASF/common/services/clock/sam4s/sysclk.o
 .debug_macro   0x0000a156      0x344 src/ASF/common/services/clock/sam4s/sysclk.o
 .debug_macro   0x0000a49a      0x283 src/ASF/common/services/clock/sam4s/sysclk.o
 .debug_macro   0x0000a71d      0x2cd src/ASF/common/services/clock/sam4s/sysclk.o
 .debug_macro   0x0000a9ea      0x6cf src/ASF/common/services/clock/sam4s/sysclk.o
 .debug_macro   0x0000b0b9       0x76 src/ASF/common/services/clock/sam4s/sysclk.o
 .debug_macro   0x0000b12f       0xb8 src/ASF/common/services/clock/sam4s/sysclk.o
 .debug_macro   0x0000b1e7       0xb2 src/ASF/common/services/clock/sam4s/sysclk.o
 .debug_macro   0x0000b299       0x88 src/ASF/common/services/clock/sam4s/sysclk.o
 .debug_macro   0x0000b321      0x100 src/ASF/common/services/clock/sam4s/sysclk.o
 .debug_macro   0x0000b421       0x88 src/ASF/common/services/clock/sam4s/sysclk.o
 .debug_macro   0x0000b4a9       0x88 src/ASF/common/services/clock/sam4s/sysclk.o
 .debug_macro   0x0000b531      0x2cd src/ASF/common/services/clock/sam4s/sysclk.o
 .debug_macro   0x0000b7fe       0xb2 src/ASF/common/services/clock/sam4s/sysclk.o
 .debug_macro   0x0000b8b0       0xb2 src/ASF/common/services/clock/sam4s/sysclk.o
 .debug_macro   0x0000b962       0x52 src/ASF/common/services/clock/sam4s/sysclk.o
 .debug_macro   0x0000b9b4       0xac src/ASF/common/services/clock/sam4s/sysclk.o
 .debug_macro   0x0000ba60       0x7c src/ASF/common/services/clock/sam4s/sysclk.o
 .debug_macro   0x0000badc       0x40 src/ASF/common/services/clock/sam4s/sysclk.o
 .debug_macro   0x0000bb1c       0x64 src/ASF/common/services/clock/sam4s/sysclk.o
 .debug_macro   0x0000bb80       0x4c src/ASF/common/services/clock/sam4s/sysclk.o
 .debug_macro   0x0000bbcc       0xa6 src/ASF/common/services/clock/sam4s/sysclk.o
 .debug_macro   0x0000bc72       0x7c src/ASF/common/services/clock/sam4s/sysclk.o
 .debug_macro   0x0000bcee       0x16 src/ASF/common/services/clock/sam4s/sysclk.o
 .debug_macro   0x0000bd04       0x7c src/ASF/common/services/clock/sam4s/sysclk.o
 .debug_macro   0x0000bd80       0x22 src/ASF/common/services/clock/sam4s/sysclk.o
 .debug_macro   0x0000bda2      0x18b src/ASF/common/services/clock/sam4s/sysclk.o
 .debug_macro   0x0000bf2d      0x15b src/ASF/common/services/clock/sam4s/sysclk.o
 .debug_macro   0x0000c088       0x1c src/ASF/common/services/clock/sam4s/sysclk.o
 .debug_macro   0x0000c0a4       0x2e src/ASF/common/services/clock/sam4s/sysclk.o
 .debug_macro   0x0000c0d2       0x22 src/ASF/common/services/clock/sam4s/sysclk.o
 .debug_macro   0x0000c0f4       0x1c src/ASF/common/services/clock/sam4s/sysclk.o
 .debug_macro   0x0000c110       0x52 src/ASF/common/services/clock/sam4s/sysclk.o
 .debug_macro   0x0000c162       0x10 src/ASF/common/services/clock/sam4s/sysclk.o
 .debug_macro   0x0000c172      0x1e7 src/ASF/common/services/clock/sam4s/sysclk.o
 .debug_macro   0x0000c359      0x605 src/ASF/common/services/clock/sam4s/sysclk.o
 .debug_macro   0x0000c95e      0x107 src/ASF/common/services/clock/sam4s/sysclk.o
 .debug_macro   0x0000ca65       0x58 src/ASF/common/services/clock/sam4s/sysclk.o
 .debug_macro   0x0000cabd       0x35 src/ASF/common/services/clock/sam4s/sysclk.o
 .debug_macro   0x0000caf2       0x9c src/ASF/common/services/clock/sam4s/sysclk.o
 .debug_macro   0x0000cb8e       0x16 src/ASF/common/services/clock/sam4s/sysclk.o
 .debug_macro   0x0000cba4       0x35 src/ASF/common/services/clock/sam4s/sysclk.o
 .debug_macro   0x0000cbd9      0x353 src/ASF/common/services/clock/sam4s/sysclk.o
 .debug_macro   0x0000cf2c       0x10 src/ASF/common/services/clock/sam4s/sysclk.o
 .debug_macro   0x0000cf3c       0x58 src/ASF/common/services/clock/sam4s/sysclk.o
 .debug_macro   0x0000cf94       0x1f src/ASF/common/services/clock/sam4s/sysclk.o
 .debug_macro   0x0000cfb3       0x43 src/ASF/common/services/clock/sam4s/sysclk.o
 .debug_macro   0x0000cff6       0x20 src/ASF/common/services/clock/sam4s/sysclk.o
 .debug_macro   0x0000d016      0x187 src/ASF/common/services/clock/sam4s/sysclk.o
 .debug_macro   0x0000d19d       0x10 src/ASF/common/services/clock/sam4s/sysclk.o
 .debug_macro   0x0000d1ad       0x1c src/ASF/common/services/clock/sam4s/sysclk.o
 .debug_macro   0x0000d1c9       0x52 src/ASF/common/services/clock/sam4s/sysclk.o
 .debug_macro   0x0000d21b       0x40 src/ASF/common/services/clock/sam4s/sysclk.o
 .debug_macro   0x0000d25b       0x10 src/ASF/common/services/clock/sam4s/sysclk.o
 .debug_macro   0x0000d26b       0x40 src/ASF/common/services/clock/sam4s/sysclk.o
 .debug_macro   0x0000d2ab       0xd7 src/ASF/common/services/clock/sam4s/sysclk.o
 .debug_macro   0x0000d382       0x16 src/ASF/common/services/clock/sam4s/sysclk.o
 .debug_macro   0x0000d398      0x18b src/ASF/common/services/clock/sam4s/sysclk.o
 .debug_macro   0x0000d523       0x22 src/ASF/common/services/clock/sam4s/sysclk.o
 .debug_macro   0x0000d545       0x16 src/ASF/common/services/clock/sam4s/sysclk.o
 .debug_macro   0x0000d55b       0x16 src/ASF/common/services/clock/sam4s/sysclk.o
 .debug_macro   0x0000d571       0x29 src/ASF/common/services/clock/sam4s/sysclk.o
 .debug_macro   0x0000d59a       0x73 src/ASF/common/services/clock/sam4s/sysclk.o
 .debug_macro   0x0000d60d       0x3e src/ASF/common/services/clock/sam4s/sysclk.o
 .debug_macro   0x0000d64b      0x3ca src/ASF/common/services/clock/sam4s/sysclk.o
 .debug_macro   0x0000da15      0x2bd src/ASF/common/services/clock/sam4s/sysclk.o
 .debug_macro   0x0000dcd2       0x88 src/ASF/common/services/clock/sam4s/sysclk.o
 .debug_macro   0x0000dd5a       0x58 src/ASF/common/services/clock/sam4s/sysclk.o
 .debug_macro   0x0000ddb2       0x64 src/ASF/common/services/clock/sam4s/sysclk.o
 .debug_macro   0x0000de16       0x46 src/ASF/common/services/clock/sam4s/sysclk.o
 .debug_macro   0x0000de5c       0x90 src/ASF/common/services/clock/sam4s/sysclk.o
 .debug_macro   0x0000deec      0x4ed src/ASF/common/services/delay/sam/cycle_counter.o
 .debug_macro   0x0000e3d9       0x22 src/ASF/common/services/delay/sam/cycle_counter.o
 .debug_macro   0x0000e3fb      0x4f3 src/ASF/sam/drivers/pio/pio.o
 .debug_macro   0x0000e8ee       0x8e src/ASF/sam/drivers/pio/pio.o
 .debug_macro   0x0000e97c      0x4fd src/ASF/sam/drivers/pio/pio_handler.o
 .debug_macro   0x0000ee79      0x4f3 src/ASF/sam/drivers/pmc/pmc.o
 .debug_macro   0x0000f36c       0x52 src/ASF/sam/drivers/pmc/pmc.o
 .debug_macro   0x0000f3be      0x4f3 src/ASF/sam/drivers/tc/tc.o
 .debug_macro   0x0000f8b1       0x52 src/ASF/sam/drivers/tc/tc.o
 .debug_macro   0x0000f903       0x8d src/ASF/sam/drivers/tc/tc.o
 .debug_macro   0x0000f990       0x16 src/ASF/sam/drivers/tc/tc.o
 .debug_macro   0x0000f9a6       0x57 src/ASF/sam/drivers/tc/tc.o
 .debug_macro   0x0000f9fd       0x1c src/ASF/sam/drivers/tc/tc.o
 .debug_macro   0x0000fa19      0x517 src/ASF/sam/drivers/twi/twi.o
 .debug_macro   0x0000ff30       0x46 src/ASF/sam/drivers/twi/twi.o
 .debug_macro   0x0000ff76      0x523 src/ASF/sam/drivers/usart/usart.o
 .debug_macro   0x00010499       0x28 src/ASF/sam/drivers/usart/usart.o
 .debug_macro   0x000104c1      0x500 src/ASF/sam/drivers/wdt/wdt.o
 .debug_macro   0x000109c1      0x6ac src/camera.o
 .debug_macro   0x0001106d       0x28 src/camera.o
 .debug_macro   0x00011095       0x22 src/camera.o
 .debug_macro   0x000110b7       0x94 src/camera.o
 .debug_macro   0x0001114b       0x40 src/camera.o
 .debug_macro   0x0001118b       0x88 src/camera.o
 .debug_macro   0x00011213       0x4c src/camera.o
 .debug_macro   0x0001125f       0x10 src/camera.o
 .debug_macro   0x0001126f       0x16 src/camera.o
 .debug_macro   0x00011285       0x10 src/camera.o
 .debug_macro   0x00011295       0x16 src/camera.o
 .debug_macro   0x000112ab      0x16d src/camera.o
 .debug_macro   0x00011418      0x401 src/camera.o
 .debug_macro   0x00011819      0x5b5 src/ov2640.o
 .debug_macro   0x00011dce      0x3fb src/ov2640.o
 .debug_macro   0x000121c9      0x591 src/ov2640_table_registers.o
 .debug_macro   0x0001275a      0x69f src/timer_interface.o
 .debug_macro   0x00012df9      0x6b3 src/wifi.o
 .debug_macro   0x000134ac       0xc4 src/wifi.o
 .debug_macro   0x00013570      0x173 src/wifi.o
 .debug_macro   0x000136e3       0x10 src/wifi.o
 .debug_macro   0x000136f3      0x69e src/ASF/common/boards/user_board/init.o
 .debug_macro   0x00013d91      0x2df src/ASF/sam/utils/cmsis/sam4s/source/templates/gcc/startup_sam4s.o
 .debug_macro   0x00014070      0x2e7 src/ASF/sam/utils/cmsis/sam4s/source/templates/system_sam4s.o
 .debug_macro   0x00014357      0x1d6 src/ASF/sam/utils/syscalls/gcc/syscalls.o
 .debug_macro   0x0001452d       0x97 src/ASF/sam/utils/syscalls/gcc/syscalls.o
 .debug_macro   0x000145c4       0xf6 src/ASF/sam/utils/syscalls/gcc/syscalls.o
 .debug_macro   0x000146ba       0x4c src/ASF/sam/utils/syscalls/gcc/syscalls.o
 .debug_macro   0x00014706       0x16 src/ASF/sam/utils/syscalls/gcc/syscalls.o
 .debug_macro   0x0001471c       0x10 src/ASF/sam/utils/syscalls/gcc/syscalls.o
 .debug_macro   0x0001472c       0x10 src/ASF/sam/utils/syscalls/gcc/syscalls.o
 .debug_macro   0x0001473c       0x35 src/ASF/sam/utils/syscalls/gcc/syscalls.o
 .debug_macro   0x00014771      0x122 src/ASF/sam/utils/syscalls/gcc/syscalls.o
 .debug_macro   0x00014893      0x6ac src/main.o
 .debug_macro   0x00014f3f       0xca src/main.o

.debug_line     0x00000000     0xf2ca
 .debug_line    0x00000000      0xca8 src/ASF/common/services/clock/sam4s/sysclk.o
 .debug_line    0x00000ca8      0xa2e src/ASF/common/services/delay/sam/cycle_counter.o
 .debug_line    0x000016d6      0xe47 src/ASF/sam/drivers/pio/pio.o
 .debug_line    0x0000251d      0xb2f src/ASF/sam/drivers/pio/pio_handler.o
 .debug_line    0x0000304c     0x1030 src/ASF/sam/drivers/pmc/pmc.o
 .debug_line    0x0000407c      0xbcd src/ASF/sam/drivers/tc/tc.o
 .debug_line    0x00004c49      0xc79 src/ASF/sam/drivers/twi/twi.o
 .debug_line    0x000058c2      0xffe src/ASF/sam/drivers/usart/usart.o
 .debug_line    0x000068c0      0xa7b src/ASF/sam/drivers/wdt/wdt.o
 .debug_line    0x0000733b     0x10ba src/camera.o
 .debug_line    0x000083f5      0xeb5 src/ov2640.o
 .debug_line    0x000092aa      0xbdc src/ov2640_table_registers.o
 .debug_line    0x00009e86      0xf83 src/timer_interface.o
 .debug_line    0x0000ae09     0x10c2 src/wifi.o
 .debug_line    0x0000becb      0xfb8 src/ASF/common/boards/user_board/init.o
 .debug_line    0x0000ce83      0x819 src/ASF/sam/utils/cmsis/sam4s/source/templates/gcc/startup_sam4s.o
 .debug_line    0x0000d69c      0x857 src/ASF/sam/utils/cmsis/sam4s/source/templates/system_sam4s.o
 .debug_line    0x0000def3      0x417 src/ASF/sam/utils/syscalls/gcc/syscalls.o
 .debug_line    0x0000e30a      0xfc0 src/main.o

.debug_str      0x00000000    0x4fb38
 .debug_str     0x00000000    0x49339 src/ASF/common/services/clock/sam4s/sysclk.o
                              0x49750 (size before relaxing)
 .debug_str     0x00049339      0x1a9 src/ASF/common/services/delay/sam/cycle_counter.o
                              0x47fde (size before relaxing)
 .debug_str     0x000494e2      0xbbf src/ASF/sam/drivers/pio/pio.o
                              0x48a7e (size before relaxing)
 .debug_str     0x0004a0a1      0x3bc src/ASF/sam/drivers/pio/pio_handler.o
                              0x4896e (size before relaxing)
 .debug_str     0x0004a45d      0x59c src/ASF/sam/drivers/pmc/pmc.o
                              0x488dc (size before relaxing)
 .debug_str     0x0004a9f9      0x35f src/ASF/sam/drivers/tc/tc.o
                              0x481c9 (size before relaxing)
 .debug_str     0x0004ad58      0x4aa src/ASF/sam/drivers/twi/twi.o
                              0x483a9 (size before relaxing)
 .debug_str     0x0004b202      0x958 src/ASF/sam/drivers/usart/usart.o
                              0x48863 (size before relaxing)
 .debug_str     0x0004bb5a      0x135 src/ASF/sam/drivers/wdt/wdt.o
                              0x47f65 (size before relaxing)
 .debug_str     0x0004bc8f     0x27b6 src/camera.o
                              0x4ca87 (size before relaxing)
 .debug_str     0x0004e445      0x1bb src/ov2640.o
                              0x4b876 (size before relaxing)
 .debug_str     0x0004e600       0x20 src/ov2640_table_registers.o
                              0x4b02b (size before relaxing)
 .debug_str     0x0004e620       0x5f src/timer_interface.o
                              0x4a6a2 (size before relaxing)
 .debug_str     0x0004e67f      0x6f8 src/wifi.o
                              0x4b907 (size before relaxing)
 .debug_str     0x0004ed77      0x150 src/ASF/common/boards/user_board/init.o
                              0x4ae31 (size before relaxing)